Archive member included to satisfy reference by file (symbol)

/usr/lib/gcc/arm-none-eabi/10.3.1/thumb/v6-m/nofp/libgcc.a(_dvmd_tls.o)
                              CMakeFiles/TRT_OUT.dir/home/gafar/pico/pico-sdk/src/rp2_common/pico_divider/divider.S.obj (__aeabi_idiv0)
/usr/lib/gcc/arm-none-eabi/10.3.1/../../../arm-none-eabi/lib/thumb/v6-m/nofp/libg.a(lib_a-atexit.o)
                              /usr/lib/gcc/arm-none-eabi/10.3.1/../../../arm-none-eabi/lib/thumb/v6-m/nofp/crt0.o (atexit)
/usr/lib/gcc/arm-none-eabi/10.3.1/../../../arm-none-eabi/lib/thumb/v6-m/nofp/libg.a(lib_a-calloc.o)
                              CMakeFiles/TRT_OUT.dir/home/gafar/pico/pico-sdk/src/rp2_common/pico_malloc/pico_malloc.c.obj (calloc)
/usr/lib/gcc/arm-none-eabi/10.3.1/../../../arm-none-eabi/lib/thumb/v6-m/nofp/libg.a(lib_a-callocr.o)
                              /usr/lib/gcc/arm-none-eabi/10.3.1/../../../arm-none-eabi/lib/thumb/v6-m/nofp/libg.a(lib_a-calloc.o) (_calloc_r)
/usr/lib/gcc/arm-none-eabi/10.3.1/../../../arm-none-eabi/lib/thumb/v6-m/nofp/libg.a(lib_a-errno.o)
                              CMakeFiles/TRT_OUT.dir/lib/no-OS-FatFS-SD-SPI-RPi-Pico/FatFs_SPI/src/ff_stdio.c.obj (__errno)
/usr/lib/gcc/arm-none-eabi/10.3.1/../../../arm-none-eabi/lib/thumb/v6-m/nofp/libg.a(lib_a-fflush.o)
                              CMakeFiles/TRT_OUT.dir/lib/no-OS-FatFS-SD-SPI-RPi-Pico/FatFs_SPI/sd_driver/demo_logging.c.obj (fflush)
/usr/lib/gcc/arm-none-eabi/10.3.1/../../../arm-none-eabi/lib/thumb/v6-m/nofp/libg.a(lib_a-findfp.o)
                              /usr/lib/gcc/arm-none-eabi/10.3.1/../../../arm-none-eabi/lib/thumb/v6-m/nofp/libg.a(lib_a-fflush.o) (__sinit)
/usr/lib/gcc/arm-none-eabi/10.3.1/../../../arm-none-eabi/lib/thumb/v6-m/nofp/libg.a(lib_a-fini.o)
                              /usr/lib/gcc/arm-none-eabi/10.3.1/../../../arm-none-eabi/lib/thumb/v6-m/nofp/crt0.o (__libc_fini_array)
/usr/lib/gcc/arm-none-eabi/10.3.1/../../../arm-none-eabi/lib/thumb/v6-m/nofp/libg.a(lib_a-freer.o)
                              /usr/lib/gcc/arm-none-eabi/10.3.1/../../../arm-none-eabi/lib/thumb/v6-m/nofp/libg.a(lib_a-fflush.o) (_free_r)
/usr/lib/gcc/arm-none-eabi/10.3.1/../../../arm-none-eabi/lib/thumb/v6-m/nofp/libg.a(lib_a-fwalk.o)
                              /usr/lib/gcc/arm-none-eabi/10.3.1/../../../arm-none-eabi/lib/thumb/v6-m/nofp/libg.a(lib_a-findfp.o) (_fwalk)
/usr/lib/gcc/arm-none-eabi/10.3.1/../../../arm-none-eabi/lib/thumb/v6-m/nofp/libg.a(lib_a-impure.o)
                              /usr/lib/gcc/arm-none-eabi/10.3.1/../../../arm-none-eabi/lib/thumb/v6-m/nofp/libg.a(lib_a-fflush.o) (_global_impure_ptr)
/usr/lib/gcc/arm-none-eabi/10.3.1/../../../arm-none-eabi/lib/thumb/v6-m/nofp/libg.a(lib_a-init.o)
                              /usr/lib/gcc/arm-none-eabi/10.3.1/../../../arm-none-eabi/lib/thumb/v6-m/nofp/crt0.o (__libc_init_array)
/usr/lib/gcc/arm-none-eabi/10.3.1/../../../arm-none-eabi/lib/thumb/v6-m/nofp/libg.a(lib_a-malloc.o)
                              CMakeFiles/TRT_OUT.dir/home/gafar/pico/pico-sdk/src/rp2_common/pico_malloc/pico_malloc.c.obj (malloc)
/usr/lib/gcc/arm-none-eabi/10.3.1/../../../arm-none-eabi/lib/thumb/v6-m/nofp/libg.a(lib_a-mallocr.o)
                              /usr/lib/gcc/arm-none-eabi/10.3.1/../../../arm-none-eabi/lib/thumb/v6-m/nofp/libg.a(lib_a-callocr.o) (_malloc_r)
/usr/lib/gcc/arm-none-eabi/10.3.1/../../../arm-none-eabi/lib/thumb/v6-m/nofp/libg.a(lib_a-memcmp.o)
                              CMakeFiles/TRT_OUT.dir/lib/no-OS-FatFS-SD-SPI-RPi-Pico/FatFs_SPI/ff15/source/ff.c.obj (memcmp)
/usr/lib/gcc/arm-none-eabi/10.3.1/../../../arm-none-eabi/lib/thumb/v6-m/nofp/libg.a(lib_a-mktime.o)
                              CMakeFiles/TRT_OUT.dir/lib/no-OS-FatFS-SD-SPI-RPi-Pico/FatFs_SPI/src/rtc.c.obj (mktime)
/usr/lib/gcc/arm-none-eabi/10.3.1/../../../arm-none-eabi/lib/thumb/v6-m/nofp/libg.a(lib_a-mlock.o)
                              /usr/lib/gcc/arm-none-eabi/10.3.1/../../../arm-none-eabi/lib/thumb/v6-m/nofp/libg.a(lib_a-freer.o) (__malloc_lock)
/usr/lib/gcc/arm-none-eabi/10.3.1/../../../arm-none-eabi/lib/thumb/v6-m/nofp/libg.a(lib_a-realloc.o)
                              CMakeFiles/TRT_OUT.dir/home/gafar/pico/pico-sdk/src/rp2_common/pico_malloc/pico_malloc.c.obj (realloc)
/usr/lib/gcc/arm-none-eabi/10.3.1/../../../arm-none-eabi/lib/thumb/v6-m/nofp/libg.a(lib_a-reallocr.o)
                              /usr/lib/gcc/arm-none-eabi/10.3.1/../../../arm-none-eabi/lib/thumb/v6-m/nofp/libg.a(lib_a-realloc.o) (_realloc_r)
/usr/lib/gcc/arm-none-eabi/10.3.1/../../../arm-none-eabi/lib/thumb/v6-m/nofp/libg.a(lib_a-sbrkr.o)
                              /usr/lib/gcc/arm-none-eabi/10.3.1/../../../arm-none-eabi/lib/thumb/v6-m/nofp/libg.a(lib_a-freer.o) (_sbrk_r)
/usr/lib/gcc/arm-none-eabi/10.3.1/../../../arm-none-eabi/lib/thumb/v6-m/nofp/libg.a(lib_a-stdio.o)
                              /usr/lib/gcc/arm-none-eabi/10.3.1/../../../arm-none-eabi/lib/thumb/v6-m/nofp/libg.a(lib_a-findfp.o) (__sread)
[...]
Memory Configuration

Name             Origin             Length             Attributes
FLASH            0x0000000010000000 0x0000000000200000 xr
RAM              0x0000000020000000 0x0000000000040000 xrw
SCRATCH_X        0x0000000020040000 0x0000000000001000 xrw
SCRATCH_Y        0x0000000020041000 0x0000000000001000 xrw
*default*        0x0000000000000000 0xffffffffffffffff

Linker script and memory map

LOAD /usr/lib/gcc/arm-none-eabi/10.3.1/thumb/v6-m/nofp/crti.o
LOAD /usr/lib/gcc/arm-none-eabi/10.3.1/thumb/v6-m/nofp/crtbegin.o
LOAD /usr/lib/gcc/arm-none-eabi/10.3.1/../../../arm-none-eabi/lib/thumb/v6-m/nofp/crt0.o

.flash_begin    0x0000000010000000        0x0
                0x0000000010000000                __flash_binary_start = .

.boot2          0x0000000010000000      0x100
                0x0000000010000000                __boot2_start__ = .
 *(.boot2)
 .boot2         0x0000000010000000      0x100 /tmp/ccGId1ts.o
                0x0000000010000100                __boot2_end__ = .
                0x0000000000000001                ASSERT (((__boot2_end__ - __boot2_start__) == 0x100), ERROR: Pico second stage bootloader must be 256 bytes in size)

.text           0x0000000010000100     0xd840
                0x0000000010000100                __logical_binary_start = .
 *(.vectors)
 .vectors       0x0000000010000100       0xd4 CMakeFiles/TRT_OUT.dir/home/gafar/pico/pico-sdk/src/rp2_common/pico_standard_link/crt0.S.obj
                0x0000000010000100                __vectors
                0x0000000010000100                __VECTOR_TABLE
                0x00000000100001c0                isr_invalid
                0x00000000100001c0                __default_isrs_start
                0x00000000100001c2                isr_nmi
                0x00000000100001c4                isr_hardfault
                0x00000000100001c6                isr_svcall
                0x00000000100001c8                isr_pendsv
                0x00000000100001ca                isr_systick
                0x00000000100001cc                isr_irq30
                0x00000000100001cc                __unhandled_user_irq
                0x00000000100001cc                isr_irq13
                0x00000000100001cc                isr_irq27
                0x00000000100001cc                isr_irq31
                0x00000000100001cc                isr_irq5
                0x00000000100001cc                isr_irq11
                0x00000000100001cc                isr_irq23
                0x00000000100001cc                isr_irq18
                0x00000000100001cc                isr_irq28
                0x00000000100001cc                isr_irq19
                0x00000000100001cc                isr_irq0
                0x00000000100001cc                isr_irq6
                0x00000000100001cc                isr_irq22
                0x00000000100001cc                isr_irq17
                0x00000000100001cc                isr_irq14
                0x00000000100001cc                isr_irq2
                0x00000000100001cc                isr_irq10
                0x00000000100001cc                isr_irq8
                0x00000000100001cc                isr_irq24
                0x00000000100001cc                isr_irq1
                0x00000000100001cc                isr_irq7
                0x00000000100001cc                isr_irq21
                0x00000000100001cc                isr_irq20
                0x00000000100001cc                isr_irq15
                0x00000000100001cc                isr_irq25
                0x00000000100001cc                isr_irq4
                0x00000000100001cc                isr_irq16
                0x00000000100001cc                isr_irq29
                0x00000000100001cc                isr_irq26
                0x00000000100001cc                __default_isrs_end
                0x00000000100001cc                isr_irq3
                0x00000000100001cc                isr_irq12
                0x00000000100001cc                isr_irq9
                0x00000000100001d2                unhandled_user_irq_num_in_r0
 *(.binary_info_header)
 .binary_info_header
                0x00000000100001d4       0x14 CMakeFiles/TRT_OUT.dir/home/gafar/pico/pico-sdk/src/rp2_common/pico_standard_link/crt0.S.obj
                0x00000000100001e8                __binary_info_header_end = .
 *(.reset)
 .reset         0x00000000100001e8       0xa0 CMakeFiles/TRT_OUT.dir/home/gafar/pico/pico-sdk/src/rp2_common/pico_standard_link/crt0.S.obj
                0x00000000100001e8                _entry_point
 .reset         0x0000000010000288       0x30 CMakeFiles/TRT_OUT.dir/home/gafar/pico/pico-sdk/src/rp2_common/pico_standard_link/binary_info.c.obj
 *(.init)
 .init          0x00000000100002b8        0x4 /usr/lib/gcc/arm-none-eabi/10.3.1/thumb/v6-m/nofp/crti.o
                0x00000000100002b8                _init
 *(EXCLUDE_FILE(*libm.a: *libc.a:*lib_a-mem*.o *libgcc.a:) .text*)
 .text          0x00000000100002bc       0x98 /usr/lib/gcc/arm-none-eabi/10.3.1/thumb/v6-m/nofp/crtbegin.o
 .text.main     0x0000000010000354      0x178 CMakeFiles/TRT_OUT.dir/src/main.cpp.obj
                0x0000000010000354                main
 .text.sd_get_num
                0x00000000100004cc        0x4 CMakeFiles/TRT_OUT.dir/src/hw_config.c.obj
                0x00000000100004cc                sd_get_num
 .text.sd_get_by_num
                0x00000000100004d0       0x34 CMakeFiles/TRT_OUT.dir/src/hw_config.c.obj
                0x00000000100004d0                sd_get_by_num
 .text.spi_get_num
                0x0000000010000504        0x4 CMakeFiles/TRT_OUT.dir/src/hw_config.c.obj
                0x0000000010000504                spi_get_num
 .text.spi_get_by_num
                0x0000000010000508       0x34 CMakeFiles/TRT_OUT.dir/src/hw_config.c.obj
                0x0000000010000508                spi_get_by_num
 .text.gpio_set_function
                0x000000001000053c       0x30 CMakeFiles/TRT_OUT.dir/home/gafar/pico/pico-sdk/src/rp2_common/hardware_gpio/gpio.c.obj
                0x000000001000053c                gpio_set_function
 .text.gpio_set_pulls
                0x000000001000056c       0x34 CMakeFiles/TRT_OUT.dir/home/gafar/pico/pico-sdk/src/rp2_common/hardware_gpio/gpio.c.obj
                0x000000001000056c                gpio_set_pulls
 .text.gpio_set_drive_strength
                0x00000000100005a0       0x20 CMakeFiles/TRT_OUT.dir/home/gafar/pico/pico-sdk/src/rp2_common/hardware_gpio/gpio.c.obj
                0x00000000100005a0                gpio_set_drive_strength
 .text.gpio_init
                0x00000000100005c0       0x16 CMakeFiles/TRT_OUT.dir/home/gafar/pico/pico-sdk/src/rp2_common/hardware_gpio/gpio.c.obj
                0x00000000100005c0                gpio_init
 *fill*         0x00000000100005d6        0x2 
 .text.running_on_fpga
                0x00000000100005d8       0x14 CMakeFiles/TRT_OUT.dir/home/gafar/pico/pico-sdk/src/rp2_common/pico_platform/platform.c.obj
                0x00000000100005d8                running_on_fpga
 .text.hw_claim_lock
                0x00000000100005ec       0x18 CMakeFiles/TRT_OUT.dir/home/gafar/pico/pico-sdk/src/rp2_common/hardware_claim/claim.c.obj
                0x00000000100005ec                hw_claim_lock
 .text.hw_claim_unlock
                0x0000000010000604       0x14 CMakeFiles/TRT_OUT.dir/home/gafar/pico/pico-sdk/src/rp2_common/hardware_claim/claim.c.obj
                0x0000000010000604                hw_claim_unlock
 .text.hw_claim_or_assert
                0x0000000010000618       0x32 CMakeFiles/TRT_OUT.dir/home/gafar/pico/pico-sdk/src/rp2_common/hardware_claim/claim.c.obj
                0x0000000010000618                hw_claim_or_assert
 .text.hw_claim_unused_from_range
                0x000000001000064a       0x50 CMakeFiles/TRT_OUT.dir/home/gafar/pico/pico-sdk/src/rp2_common/hardware_claim/claim.c.obj
                0x000000001000064a                hw_claim_unused_from_range
 *fill*         0x000000001000069a        0x2 
 .text.spin_locks_reset
                0x000000001000069c       0x20 CMakeFiles/TRT_OUT.dir/home/gafar/pico/pico-sdk/src/rp2_common/hardware_sync/sync.c.obj
                0x000000001000069c                spin_locks_reset
 .text.next_striped_spin_lock_num
                0x00000000100006bc       0x1c CMakeFiles/TRT_OUT.dir/home/gafar/pico/pico-sdk/src/rp2_common/hardware_sync/sync.c.obj
                0x00000000100006bc                next_striped_spin_lock_num
 .text.spin_lock_claim_unused
                0x00000000100006d8       0x20 CMakeFiles/TRT_OUT.dir/home/gafar/pico/pico-sdk/src/rp2_common/hardware_sync/sync.c.obj
                0x00000000100006d8                spin_lock_claim_unused
 .text.set_raw_irq_handler_and_unlock
                0x00000000100006f8       0x28 CMakeFiles/TRT_OUT.dir/home/gafar/pico/pico-sdk/src/rp2_common/hardware_irq/irq.c.obj
 .text.make_branch
                0x0000000010000720       0x48 CMakeFiles/TRT_OUT.dir/home/gafar/pico/pico-sdk/src/rp2_common/hardware_irq/irq.c.obj
 .text.insert_branch_and_link
                0x0000000010000768       0x40 CMakeFiles/TRT_OUT.dir/home/gafar/pico/pico-sdk/src/rp2_common/hardware_irq/irq.c.obj
 .text.irq_is_enabled
                0x00000000100007a8       0x18 CMakeFiles/TRT_OUT.dir/home/gafar/pico/pico-sdk/src/rp2_common/hardware_irq/irq.c.obj
                0x00000000100007a8                irq_is_enabled
 .text.irq_set_mask_enabled
                0x00000000100007c0       0x20 CMakeFiles/TRT_OUT.dir/home/gafar/pico/pico-sdk/src/rp2_common/hardware_irq/irq.c.obj
                0x00000000100007c0                irq_set_mask_enabled
 .text.irq_set_enabled
                0x00000000100007e0        0xe CMakeFiles/TRT_OUT.dir/home/gafar/pico/pico-sdk/src/rp2_common/hardware_irq/irq.c.obj
                0x00000000100007e0                irq_set_enabled
 *fill*         0x00000000100007ee        0x2 
 .text.irq_set_pending
                0x00000000100007f0       0x10 CMakeFiles/TRT_OUT.dir/home/gafar/pico/pico-sdk/src/rp2_common/hardware_irq/irq.c.obj
                0x00000000100007f0                irq_set_pending
 .text.irq_get_vtable_handler
                0x0000000010000800       0x10 CMakeFiles/TRT_OUT.dir/home/gafar/pico/pico-sdk/src/rp2_common/hardware_irq/irq.c.obj
                0x0000000010000800                irq_get_vtable_handler
 .text.irq_has_shared_handler
                0x0000000010000810       0x24 CMakeFiles/TRT_OUT.dir/home/gafar/pico/pico-sdk/src/rp2_common/hardware_irq/irq.c.obj
                0x0000000010000810                irq_has_shared_handler
 .text.irq_set_exclusive_handler
                0x0000000010000834       0x54 CMakeFiles/TRT_OUT.dir/home/gafar/pico/pico-sdk/src/rp2_common/hardware_irq/irq.c.obj
                0x0000000010000834                irq_set_exclusive_handler
 .text.irq_add_shared_handler
                0x0000000010000888      0x234 CMakeFiles/TRT_OUT.dir/home/gafar/pico/pico-sdk/src/rp2_common/hardware_irq/irq.c.obj
                0x0000000010000888                irq_add_shared_handler
 .text.irq_remove_handler
                0x0000000010000abc      0x1ac CMakeFiles/TRT_OUT.dir/home/gafar/pico/pico-sdk/src/rp2_common/hardware_irq/irq.c.obj
                0x0000000010000abc                irq_remove_handler
 .text.irq_add_tail_to_free_list
                0x0000000010000c68       0xf0 CMakeFiles/TRT_OUT.dir/home/gafar/pico/pico-sdk/src/rp2_common/hardware_irq/irq.c.obj
                0x0000000010000c68                irq_add_tail_to_free_list
 .text.irq_init_priorities
                0x0000000010000d58       0x1c CMakeFiles/TRT_OUT.dir/home/gafar/pico/pico-sdk/src/rp2_common/hardware_irq/irq.c.obj
                0x0000000010000d58                irq_init_priorities
 .text.user_irq_claim_unused
                0x0000000010000d74       0x28 CMakeFiles/TRT_OUT.dir/home/gafar/pico/pico-sdk/src/rp2_common/hardware_irq/irq.c.obj
                0x0000000010000d74                user_irq_claim_unused
 .text.sem_init
                0x0000000010000d9c       0x1e CMakeFiles/TRT_OUT.dir/home/gafar/pico/pico-sdk/src/common/pico_sync/sem.c.obj
                0x0000000010000d9c                sem_init
 *fill*         0x0000000010000dba        0x2 
 .text.lock_init
                0x0000000010000dbc       0x10 CMakeFiles/TRT_OUT.dir/home/gafar/pico/pico-sdk/src/common/pico_sync/lock_core.c.obj
                0x0000000010000dbc                lock_init
 .text.mutex_init
                0x0000000010000dcc       0x1a CMakeFiles/TRT_OUT.dir/home/gafar/pico/pico-sdk/src/common/pico_sync/mutex.c.obj
                0x0000000010000dcc                mutex_init
 .text.recursive_mutex_init
                0x0000000010000de6       0x1e CMakeFiles/TRT_OUT.dir/home/gafar/pico/pico-sdk/src/common/pico_sync/mutex.c.obj
                0x0000000010000de6                recursive_mutex_init
 .text.critical_section_init_with_lock_num
                0x0000000010000e04       0x14 CMakeFiles/TRT_OUT.dir/home/gafar/pico/pico-sdk/src/common/pico_sync/critical_section.c.obj
                0x0000000010000e04                critical_section_init_with_lock_num
 .text.critical_section_init
                0x0000000010000e18       0x14 CMakeFiles/TRT_OUT.dir/home/gafar/pico/pico-sdk/src/common/pico_sync/critical_section.c.obj
                0x0000000010000e18                critical_section_init
 .text.alarm_pool_post_alloc_init
                0x0000000010000e2c       0x40 CMakeFiles/TRT_OUT.dir/home/gafar/pico/pico-sdk/src/common/pico_time/time.c.obj
 .text.sleep_until_callback
                0x0000000010000e6c       0x30 CMakeFiles/TRT_OUT.dir/home/gafar/pico/pico-sdk/src/common/pico_time/time.c.obj
 .text.timer_pool_entry_comparator
                0x0000000010000e9c       0x7c CMakeFiles/TRT_OUT.dir/home/gafar/pico/pico-sdk/src/common/pico_time/time.c.obj
                0x0000000010000e9c                timer_pool_entry_comparator
 .text.ph_add_child_node
                0x0000000010000f18       0xa4 CMakeFiles/TRT_OUT.dir/home/gafar/pico/pico-sdk/src/common/pico_time/time.c.obj
 .text.ph_merge_nodes
                0x0000000010000fbc       0x3e CMakeFiles/TRT_OUT.dir/home/gafar/pico/pico-sdk/src/common/pico_time/time.c.obj
 *fill*         0x0000000010000ffa        0x2 
 .text.add_alarm_under_lock
                0x0000000010000ffc      0x174 CMakeFiles/TRT_OUT.dir/home/gafar/pico/pico-sdk/src/common/pico_time/time.c.obj
 .text.alarm_pool_alarm_callback
                0x0000000010001170      0x33c CMakeFiles/TRT_OUT.dir/home/gafar/pico/pico-sdk/src/common/pico_time/time.c.obj
 .text.alarm_pool_init_default
                0x00000000100014ac       0x40 CMakeFiles/TRT_OUT.dir/home/gafar/pico/pico-sdk/src/common/pico_time/time.c.obj
                0x00000000100014ac                alarm_pool_init_default
 .text.alarm_pool_get_default
                0x00000000100014ec       0x2c CMakeFiles/TRT_OUT.dir/home/gafar/pico/pico-sdk/src/common/pico_time/time.c.obj
                0x00000000100014ec                alarm_pool_get_default
 .text.alarm_pool_add_alarm_at
                0x0000000010001518      0x168 CMakeFiles/TRT_OUT.dir/home/gafar/pico/pico-sdk/src/common/pico_time/time.c.obj
                0x0000000010001518                alarm_pool_add_alarm_at
 .text.alarm_pool_cancel_alarm
                0x0000000010001680       0xf8 CMakeFiles/TRT_OUT.dir/home/gafar/pico/pico-sdk/src/common/pico_time/time.c.obj
                0x0000000010001680                alarm_pool_cancel_alarm
 .text.alarm_pool_core_num
                0x0000000010001778        0x4 CMakeFiles/TRT_OUT.dir/home/gafar/pico/pico-sdk/src/common/pico_time/time.c.obj
                0x0000000010001778                alarm_pool_core_num
 .text.sleep_until
                0x000000001000177c       0xfc CMakeFiles/TRT_OUT.dir/home/gafar/pico/pico-sdk/src/common/pico_time/time.c.obj
                0x000000001000177c                sleep_until
 .text.sleep_us
                0x0000000010001878       0x58 CMakeFiles/TRT_OUT.dir/home/gafar/pico/pico-sdk/src/common/pico_time/time.c.obj
                0x0000000010001878                sleep_us
 .text.sleep_ms
                0x00000000100018d0       0x14 CMakeFiles/TRT_OUT.dir/home/gafar/pico/pico-sdk/src/common/pico_time/time.c.obj
                0x00000000100018d0                sleep_ms
 .text.best_effort_wfe_or_timeout
                0x00000000100018e4       0xac CMakeFiles/TRT_OUT.dir/home/gafar/pico/pico-sdk/src/common/pico_time/time.c.obj
                0x00000000100018e4                best_effort_wfe_or_timeout
 .text.hardware_alarm_irq_handler
                0x0000000010001990       0x90 CMakeFiles/TRT_OUT.dir/home/gafar/pico/pico-sdk/src/rp2_common/hardware_timer/timer.c.obj
 .text.hardware_alarm_claim
                0x0000000010001a20       0x18 CMakeFiles/TRT_OUT.dir/home/gafar/pico/pico-sdk/src/rp2_common/hardware_timer/timer.c.obj
                0x0000000010001a20                hardware_alarm_claim
 .text.time_us_64
                0x0000000010001a38       0x18 CMakeFiles/TRT_OUT.dir/home/gafar/pico/pico-sdk/src/rp2_common/hardware_timer/timer.c.obj
                0x0000000010001a38                time_us_64
 .text.busy_wait_until
                0x0000000010001a50       0x28 CMakeFiles/TRT_OUT.dir/home/gafar/pico/pico-sdk/src/rp2_common/hardware_timer/timer.c.obj
                0x0000000010001a50                busy_wait_until
 .text.busy_wait_us
                0x0000000010001a78       0x48 CMakeFiles/TRT_OUT.dir/home/gafar/pico/pico-sdk/src/rp2_common/hardware_timer/timer.c.obj
                0x0000000010001a78                busy_wait_us
 .text.hardware_alarm_set_callback
                0x0000000010001ac0       0x90 CMakeFiles/TRT_OUT.dir/home/gafar/pico/pico-sdk/src/rp2_common/hardware_timer/timer.c.obj
                0x0000000010001ac0                hardware_alarm_set_callback
 .text.hardware_alarm_set_target
                0x0000000010001b50       0xe8 CMakeFiles/TRT_OUT.dir/home/gafar/pico/pico-sdk/src/rp2_common/hardware_timer/timer.c.obj
                0x0000000010001b50                hardware_alarm_set_target
 .text.hardware_alarm_cancel
                0x0000000010001c38       0x40 CMakeFiles/TRT_OUT.dir/home/gafar/pico/pico-sdk/src/rp2_common/hardware_timer/timer.c.obj
                0x0000000010001c38                hardware_alarm_cancel
 .text.ph_add_child_node
                0x0000000010001c78       0xa4 CMakeFiles/TRT_OUT.dir/home/gafar/pico/pico-sdk/src/common/pico_util/pheap.c.obj
 .text.ph_merge_nodes
                0x0000000010001d1c       0x3e CMakeFiles/TRT_OUT.dir/home/gafar/pico/pico-sdk/src/common/pico_util/pheap.c.obj
 *fill*         0x0000000010001d5a        0x2 
 .text.ph_clear
                0x0000000010001d5c       0x70 CMakeFiles/TRT_OUT.dir/home/gafar/pico/pico-sdk/src/common/pico_util/pheap.c.obj
                0x0000000010001d5c                ph_clear
 .text.ph_post_alloc_init
                0x0000000010001dcc        0xe CMakeFiles/TRT_OUT.dir/home/gafar/pico/pico-sdk/src/common/pico_util/pheap.c.obj
                0x0000000010001dcc                ph_post_alloc_init
 *fill*         0x0000000010001dda        0x2 
 .text.ph_merge_two_pass
                0x0000000010001ddc       0xa8 CMakeFiles/TRT_OUT.dir/home/gafar/pico/pico-sdk/src/common/pico_util/pheap.c.obj
                0x0000000010001ddc                ph_merge_two_pass
 .text.ph_remove_any_head
                0x0000000010001e84      0x128 CMakeFiles/TRT_OUT.dir/home/gafar/pico/pico-sdk/src/common/pico_util/pheap.c.obj
 .text.ph_remove_head
                0x0000000010001fac       0x14 CMakeFiles/TRT_OUT.dir/home/gafar/pico/pico-sdk/src/common/pico_util/pheap.c.obj
                0x0000000010001fac                ph_remove_head
 .text.ph_remove_and_free_node
                0x0000000010001fc0       0xf8 CMakeFiles/TRT_OUT.dir/home/gafar/pico/pico-sdk/src/common/pico_util/pheap.c.obj
                0x0000000010001fc0                ph_remove_and_free_node
 .text.clock_configure
                0x00000000100020b8      0x108 CMakeFiles/TRT_OUT.dir/home/gafar/pico/pico-sdk/src/rp2_common/hardware_clocks/clocks.c.obj
                0x00000000100020b8                clock_configure
 .text.clocks_init
                0x00000000100021c0      0x100 CMakeFiles/TRT_OUT.dir/home/gafar/pico/pico-sdk/src/rp2_common/hardware_clocks/clocks.c.obj
                0x00000000100021c0                clocks_init
 .text.clock_get_hz
                0x00000000100022c0        0xc CMakeFiles/TRT_OUT.dir/home/gafar/pico/pico-sdk/src/rp2_common/hardware_clocks/clocks.c.obj
                0x00000000100022c0                clock_get_hz
 .text.pll_init
                0x00000000100022cc      0x120 CMakeFiles/TRT_OUT.dir/home/gafar/pico/pico-sdk/src/rp2_common/hardware_pll/pll.c.obj
                0x00000000100022cc                pll_init
 .text.watchdog_start_tick
                0x00000000100023ec       0x10 CMakeFiles/TRT_OUT.dir/home/gafar/pico/pico-sdk/src/rp2_common/hardware_watchdog/watchdog.c.obj
                0x00000000100023ec                watchdog_start_tick
 .text.watchdog_update
                0x00000000100023fc       0x14 CMakeFiles/TRT_OUT.dir/home/gafar/pico/pico-sdk/src/rp2_common/hardware_watchdog/watchdog.c.obj
                0x00000000100023fc                watchdog_update
 .text._watchdog_enable
                0x0000000010002410       0x78 CMakeFiles/TRT_OUT.dir/home/gafar/pico/pico-sdk/src/rp2_common/hardware_watchdog/watchdog.c.obj
                0x0000000010002410                _watchdog_enable
 .text.watchdog_reboot
                0x0000000010002488       0x48 CMakeFiles/TRT_OUT.dir/home/gafar/pico/pico-sdk/src/rp2_common/hardware_watchdog/watchdog.c.obj
                0x0000000010002488                watchdog_reboot
 .text.xosc_init
                0x00000000100024d0       0x28 CMakeFiles/TRT_OUT.dir/home/gafar/pico/pico-sdk/src/rp2_common/hardware_xosc/xosc.c.obj
                0x00000000100024d0                xosc_init
 .text._exit    0x00000000100024f8        0x4 CMakeFiles/TRT_OUT.dir/home/gafar/pico/pico-sdk/src/rp2_common/pico_runtime/runtime.c.obj
                0x00000000100024f8                _exit
 .text._sbrk    0x00000000100024fc       0x38 CMakeFiles/TRT_OUT.dir/home/gafar/pico/pico-sdk/src/rp2_common/pico_runtime/runtime.c.obj
                0x00000000100024fc                _sbrk
 .text.exit     0x0000000010002534        0x6 CMakeFiles/TRT_OUT.dir/home/gafar/pico/pico-sdk/src/rp2_common/pico_runtime/runtime.c.obj
                0x0000000010002534                exit
 *fill*         0x000000001000253a        0x2 
 .text.__assert_func
                0x000000001000253c       0x3c CMakeFiles/TRT_OUT.dir/home/gafar/pico/pico-sdk/src/rp2_common/pico_runtime/runtime.c.obj
                0x000000001000253c                __assert_func
 .text.runtime_init
                0x0000000010002578       0xf8 CMakeFiles/TRT_OUT.dir/home/gafar/pico/pico-sdk/src/rp2_common/pico_runtime/runtime.c.obj
                0x0000000010002578                runtime_init
 .text.panic    0x0000000010002670       0x30 CMakeFiles/TRT_OUT.dir/home/gafar/pico/pico-sdk/src/rp2_common/pico_runtime/runtime.c.obj
                0x0000000010002670                panic
 .text._out_buffer
                0x00000000100026a0        0x8 CMakeFiles/TRT_OUT.dir/home/gafar/pico/pico-sdk/src/rp2_common/pico_printf/printf.c.obj
 .text._out_null
                0x00000000100026a8        0x2 CMakeFiles/TRT_OUT.dir/home/gafar/pico/pico-sdk/src/rp2_common/pico_printf/printf.c.obj
 .text._out_fct
                0x00000000100026aa        0xe CMakeFiles/TRT_OUT.dir/home/gafar/pico/pico-sdk/src/rp2_common/pico_printf/printf.c.obj
 .text._atoi    0x00000000100026b8       0x24 CMakeFiles/TRT_OUT.dir/home/gafar/pico/pico-sdk/src/rp2_common/pico_printf/printf.c.obj
 .text._out_rev
                0x00000000100026dc       0xae CMakeFiles/TRT_OUT.dir/home/gafar/pico/pico-sdk/src/rp2_common/pico_printf/printf.c.obj
 .text._ntoa_format
                0x000000001000278a      0x112 CMakeFiles/TRT_OUT.dir/home/gafar/pico/pico-sdk/src/rp2_common/pico_printf/printf.c.obj
 .text._ntoa_long
                0x000000001000289c       0xbc CMakeFiles/TRT_OUT.dir/home/gafar/pico/pico-sdk/src/rp2_common/pico_printf/printf.c.obj
 .text._ntoa_long_long
                0x0000000010002958       0xe2 CMakeFiles/TRT_OUT.dir/home/gafar/pico/pico-sdk/src/rp2_common/pico_printf/printf.c.obj
 *fill*         0x0000000010002a3a        0x2 
 .text._etoa    0x0000000010002a3c      0x414 CMakeFiles/TRT_OUT.dir/home/gafar/pico/pico-sdk/src/rp2_common/pico_printf/printf.c.obj
 .text._ftoa    0x0000000010002e50      0x354 CMakeFiles/TRT_OUT.dir/home/gafar/pico/pico-sdk/src/rp2_common/pico_printf/printf.c.obj
 .text._vsnprintf
                0x00000000100031a4      0x624 CMakeFiles/TRT_OUT.dir/home/gafar/pico/pico-sdk/src/rp2_common/pico_printf/printf.c.obj
 .text.__wrap_vsnprintf
                0x00000000100037c8       0x1c CMakeFiles/TRT_OUT.dir/home/gafar/pico/pico-sdk/src/rp2_common/pico_printf/printf.c.obj
                0x00000000100037c8                __wrap_vsnprintf
 .text.vfctprintf
                0x00000000100037e4       0x20 CMakeFiles/TRT_OUT.dir/home/gafar/pico/pico-sdk/src/rp2_common/pico_printf/printf.c.obj
                0x00000000100037e4                vfctprintf
 .text          0x0000000010003804       0x10 CMakeFiles/TRT_OUT.dir/home/gafar/pico/pico-sdk/src/rp2_common/pico_bit_ops/bit_ops_aeabi.S.obj
 .text.rom_func_lookup
                0x0000000010003814       0x10 CMakeFiles/TRT_OUT.dir/home/gafar/pico/pico-sdk/src/rp2_common/pico_bootrom/bootrom.c.obj
                0x0000000010003814                rom_func_lookup
 .text.rom_data_lookup
                0x0000000010003824       0x10 CMakeFiles/TRT_OUT.dir/home/gafar/pico/pico-sdk/src/rp2_common/pico_bootrom/bootrom.c.obj
                0x0000000010003824                rom_data_lookup
 .text.rom_funcs_lookup
                0x0000000010003834       0x36 CMakeFiles/TRT_OUT.dir/home/gafar/pico/pico-sdk/src/rp2_common/pico_bootrom/bootrom.c.obj
                0x0000000010003834                rom_funcs_lookup
 *fill*         0x000000001000386a        0x2 
 .text.__wrap___aeabi_idiv
                0x000000001000386c       0x50 CMakeFiles/TRT_OUT.dir/home/gafar/pico/pico-sdk/src/rp2_common/pico_divider/divider.S.obj
                0x000000001000386c                __wrap___aeabi_idivmod
                0x000000001000386c                divmod_s32s32
                0x000000001000386c                div_s32s32
                0x000000001000386c                __wrap___aeabi_idiv
                0x0000000010003874                divmod_s32s32_unsafe
                0x00000000100038a0                divmod_s32s32_savestate
 .text.__wrap___aeabi_uidiv
                0x00000000100038bc       0x4c CMakeFiles/TRT_OUT.dir/home/gafar/pico/pico-sdk/src/rp2_common/pico_divider/divider.S.obj
                0x00000000100038bc                __wrap___aeabi_uidiv
                0x00000000100038bc                __wrap___aeabi_uidivmod
                0x00000000100038bc                div_u32u32
                0x00000000100038bc                divmod_u32u32
                0x00000000100038c4                divmod_u32u32_unsafe
                0x00000000100038ec                divmod_u32u32_savestate
 .text.__wrap___aeabi_ldiv
                0x0000000010003908      0x424 CMakeFiles/TRT_OUT.dir/home/gafar/pico/pico-sdk/src/rp2_common/pico_divider/divider.S.obj
                0x0000000010003908                div_s64s64
                0x0000000010003908                divmod_s64s64
                0x0000000010003908                __wrap___aeabi_ldivmod
                0x0000000010003938                div_u64u64
                0x0000000010003938                divmod_u64u64
                0x0000000010003938                __wrap___aeabi_uldivmod
                0x0000000010003948                divmod_u64u64_savestate
                0x0000000010003968                divmod_s64s64_unsafe
                0x00000000100039f0                divmod_u64u64_unsafe
 .text.__wrap___aeabi_darithmetic
                0x0000000010003d2c       0x80 CMakeFiles/TRT_OUT.dir/home/gafar/pico/pico-sdk/src/rp2_common/pico_double/double_aeabi.S.obj
                0x0000000010003d2c                __wrap___aeabi_drsub
                0x0000000010003d32                __wrap___aeabi_dsub
                0x0000000010003d44                __wrap___aeabi_dadd
                0x0000000010003d56                __wrap___aeabi_ddiv
                0x0000000010003d92                __wrap___aeabi_dmul
 .text.__wrap___aeabi_cdcmple
                0x0000000010003dac       0x6c CMakeFiles/TRT_OUT.dir/home/gafar/pico/pico-sdk/src/rp2_common/pico_double/double_aeabi.S.obj
                0x0000000010003dac                __wrap___aeabi_cdrcmple
                0x0000000010003dbc                __wrap___aeabi_cdcmple
                0x0000000010003dbc                __wrap___aeabi_cdcmpeq
 .text.__wrap___aeabi_dcmpeq
                0x0000000010003e18       0x10 CMakeFiles/TRT_OUT.dir/home/gafar/pico/pico-sdk/src/rp2_common/pico_double/double_aeabi.S.obj
                0x0000000010003e18                __wrap___aeabi_dcmpeq
 .text.__wrap___aeabi_dcmplt
                0x0000000010003e28        0xc CMakeFiles/TRT_OUT.dir/home/gafar/pico/pico-sdk/src/rp2_common/pico_double/double_aeabi.S.obj
                0x0000000010003e28                __wrap___aeabi_dcmplt
 .text.__wrap___aeabi_dcmple
                0x0000000010003e34       0x10 CMakeFiles/TRT_OUT.dir/home/gafar/pico/pico-sdk/src/rp2_common/pico_double/double_aeabi.S.obj
                0x0000000010003e34                __wrap___aeabi_dcmple
 .text.__wrap___aeabi_dcmpge
                0x0000000010003e44       0x10 CMakeFiles/TRT_OUT.dir/home/gafar/pico/pico-sdk/src/rp2_common/pico_double/double_aeabi.S.obj
                0x0000000010003e44                __wrap___aeabi_dcmpge
 .text.__wrap___aeabi_dcmpgt
                0x0000000010003e54        0xa CMakeFiles/TRT_OUT.dir/home/gafar/pico/pico-sdk/src/rp2_common/pico_double/double_aeabi.S.obj
                0x0000000010003e54                __wrap___aeabi_dcmpgt
 .text.__wrap___aeabi_dcmpun
                0x0000000010003e5e       0x1c CMakeFiles/TRT_OUT.dir/home/gafar/pico/pico-sdk/src/rp2_common/pico_double/double_aeabi.S.obj
                0x0000000010003e5e                __wrap___aeabi_dcmpun
 *fill*         0x0000000010003e7a        0x2 
 .text.__wrap___aeabi_i2d
                0x0000000010003e7c       0x38 CMakeFiles/TRT_OUT.dir/home/gafar/pico/pico-sdk/src/rp2_common/pico_double/double_aeabi.S.obj
                0x0000000010003e7c                __wrap___aeabi_ui2d
                0x0000000010003e84                __wrap___aeabi_i2d
 .text.__wrap___aeabi_d2iz
                0x0000000010003eb4       0x48 CMakeFiles/TRT_OUT.dir/home/gafar/pico/pico-sdk/src/rp2_common/pico_double/double_aeabi.S.obj
                0x0000000010003eb4                __wrap___aeabi_d2iz
                0x0000000010003eb4                double2int_z
 .text.__wrap___aeabi_d2uiz
                0x0000000010003efc       0x18 CMakeFiles/TRT_OUT.dir/home/gafar/pico/pico-sdk/src/rp2_common/pico_double/double_aeabi.S.obj
                0x0000000010003efc                double2uint
                0x0000000010003efc                __wrap___aeabi_d2uiz
 .text.__aeabi_double_init
                0x0000000010003f14       0xc8 CMakeFiles/TRT_OUT.dir/home/gafar/pico/pico-sdk/src/rp2_common/pico_double/double_init_rom.c.obj
                0x0000000010003f14                __aeabi_double_init
 .text.double_table_shim_on_use_helper
                0x0000000010003fdc       0x34 CMakeFiles/TRT_OUT.dir/home/gafar/pico/pico-sdk/src/rp2_common/pico_double/double_v1_rom_shim.S.obj
                0x0000000010003fdc                double_table_shim_on_use_helper
 .text.__wrap___aeabi_dsub
                0x0000000010004010       0x10 CMakeFiles/TRT_OUT.dir/home/gafar/pico/pico-sdk/src/rp2_common/pico_double/double_v1_rom_shim.S.obj
                0x0000000010004010                drsub_shim
                0x0000000010004016                dsub_shim
 .text.dadd_shim
                0x0000000010004020      0x15c CMakeFiles/TRT_OUT.dir/home/gafar/pico/pico-sdk/src/rp2_common/pico_double/double_v1_rom_shim.S.obj
                0x0000000010004020                dadd_shim
 .text.dmul_shim
                0x000000001000417c      0x15c CMakeFiles/TRT_OUT.dir/home/gafar/pico/pico-sdk/src/rp2_common/pico_double/double_v1_rom_shim.S.obj
                0x000000001000417c                dmul_shim
 .text.ddiv_shim
                0x00000000100042d8      0x1b0 CMakeFiles/TRT_OUT.dir/home/gafar/pico/pico-sdk/src/rp2_common/pico_double/double_v1_rom_shim.S.obj
                0x00000000100042d8                ddiv_shim
 .text.double2uint_shim
                0x0000000010004488        0xe CMakeFiles/TRT_OUT.dir/home/gafar/pico/pico-sdk/src/rp2_common/pico_double/double_v1_rom_shim.S.obj
                0x0000000010004488                double2uint_shim
                0x000000001000448a                double2ufix_shim
 *fill*         0x0000000010004496        0x2 
 .text.double2uint64_shim
                0x0000000010004498       0x70 CMakeFiles/TRT_OUT.dir/home/gafar/pico/pico-sdk/src/rp2_common/pico_double/double_v1_rom_shim.S.obj
                0x0000000010004498                double2uint64_shim
                0x000000001000449a                double2ufix64_shim
                0x00000000100044ba                d2fix_a
 .text.dunpacks
                0x0000000010004508       0x3c CMakeFiles/TRT_OUT.dir/home/gafar/pico/pico-sdk/src/rp2_common/pico_double/double_v1_rom_shim.S.obj
                0x0000000010004508                dunpacks
 .text.__aeabi_lmul
                0x0000000010004544       0x32 CMakeFiles/TRT_OUT.dir/home/gafar/pico/pico-sdk/src/rp2_common/pico_int64_ops/pico_int64_ops_aeabi.S.obj
                0x0000000010004544                __wrap___aeabi_lmul
 *fill*         0x0000000010004576        0x2 
 .text.__aeabi_float_init
                0x0000000010004578       0xfc CMakeFiles/TRT_OUT.dir/home/gafar/pico/pico-sdk/src/rp2_common/pico_float/float_init_rom.c.obj
                0x0000000010004578                __aeabi_float_init
 .text.float_table_shim_on_use_helper
                0x0000000010004674       0x34 CMakeFiles/TRT_OUT.dir/home/gafar/pico/pico-sdk/src/rp2_common/pico_float/float_v1_rom_shim.S.obj
                0x0000000010004674                float_table_shim_on_use_helper
 .text.__wrap_malloc
                0x00000000100046a8       0x24 CMakeFiles/TRT_OUT.dir/home/gafar/pico/pico-sdk/src/rp2_common/pico_malloc/pico_malloc.c.obj
                0x00000000100046a8                __wrap_malloc
 .text.__wrap_free
                0x00000000100046cc        0x8 CMakeFiles/TRT_OUT.dir/home/gafar/pico/pico-sdk/src/rp2_common/pico_malloc/pico_malloc.c.obj
                0x00000000100046cc                __wrap_free
 .text          0x00000000100046d4       0x10 CMakeFiles/TRT_OUT.dir/home/gafar/pico/pico-sdk/src/rp2_common/pico_mem_ops/mem_ops_aeabi.S.obj
                0x00000000100046d4                __aeabi_mem_init
 .text.memset   0x00000000100046e4        0xc CMakeFiles/TRT_OUT.dir/home/gafar/pico/pico-sdk/src/rp2_common/pico_mem_ops/mem_ops_aeabi.S.obj
                0x00000000100046e4                __wrap_memset
 .text.memcpy   0x00000000100046f0        0xc CMakeFiles/TRT_OUT.dir/home/gafar/pico/pico-sdk/src/rp2_common/pico_mem_ops/mem_ops_aeabi.S.obj
                0x00000000100046f0                __wrap___aeabi_memcpy
                0x00000000100046f0                __wrap_memcpy
 .text.stdio_out_chars_no_crlf
                0x00000000100046fc        0xe CMakeFiles/TRT_OUT.dir/home/gafar/pico/pico-sdk/src/rp2_common/pico_stdio/stdio.c.obj
 *fill*         0x000000001000470a        0x2 
 .text.stdio_out_chars_crlf
                0x000000001000470c       0x80 CMakeFiles/TRT_OUT.dir/home/gafar/pico/pico-sdk/src/rp2_common/pico_stdio/stdio.c.obj
 .text.stdio_stack_buffer_flush
                0x000000001000478c       0x44 CMakeFiles/TRT_OUT.dir/home/gafar/pico/pico-sdk/src/rp2_common/pico_stdio/stdio.c.obj
 .text.stdio_buffered_printer
                0x00000000100047d0       0x20 CMakeFiles/TRT_OUT.dir/home/gafar/pico/pico-sdk/src/rp2_common/pico_stdio/stdio.c.obj
 .text.stdio_get_until
                0x00000000100047f0       0x80 CMakeFiles/TRT_OUT.dir/home/gafar/pico/pico-sdk/src/rp2_common/pico_stdio/stdio.c.obj
 .text.stdout_serialize_begin
                0x0000000010004870       0x5c CMakeFiles/TRT_OUT.dir/home/gafar/pico/pico-sdk/src/rp2_common/pico_stdio/stdio.c.obj
                0x0000000010004870                stdout_serialize_begin
 .text.stdout_serialize_end
                0x00000000100048cc       0x10 CMakeFiles/TRT_OUT.dir/home/gafar/pico/pico-sdk/src/rp2_common/pico_stdio/stdio.c.obj
                0x00000000100048cc                stdout_serialize_end
 .text.stdio_put_string
                0x00000000100048dc       0x98 CMakeFiles/TRT_OUT.dir/home/gafar/pico/pico-sdk/src/rp2_common/pico_stdio/stdio.c.obj
 .text._read    0x0000000010004974       0x24 CMakeFiles/TRT_OUT.dir/home/gafar/pico/pico-sdk/src/rp2_common/pico_stdio/stdio.c.obj
                0x0000000010004974                _read
 .text._write   0x0000000010004998       0x22 CMakeFiles/TRT_OUT.dir/home/gafar/pico/pico-sdk/src/rp2_common/pico_stdio/stdio.c.obj
                0x0000000010004998                _write
 .text._close   0x00000000100049ba        0x6 CMakeFiles/TRT_OUT.dir/home/gafar/pico/pico-sdk/src/rp2_common/pico_stdio/stdio.c.obj
                0x00000000100049ba                _close
 .text._lseek   0x00000000100049c0        0x6 CMakeFiles/TRT_OUT.dir/home/gafar/pico/pico-sdk/src/rp2_common/pico_stdio/stdio.c.obj
                0x00000000100049c0                _lseek
 *fill*         0x00000000100049c6        0x2 
 .text.stdio_set_driver_enabled
                0x00000000100049c8       0x2c CMakeFiles/TRT_OUT.dir/home/gafar/pico/pico-sdk/src/rp2_common/pico_stdio/stdio.c.obj
                0x00000000100049c8                stdio_set_driver_enabled
 .text.stdio_flush
                0x00000000100049f4       0x20 CMakeFiles/TRT_OUT.dir/home/gafar/pico/pico-sdk/src/rp2_common/pico_stdio/stdio.c.obj
                0x00000000100049f4                stdio_flush
 .text.__wrap_puts
                0x0000000010004a14       0x1e CMakeFiles/TRT_OUT.dir/home/gafar/pico/pico-sdk/src/rp2_common/pico_stdio/stdio.c.obj
                0x0000000010004a14                __wrap_puts
 *fill*         0x0000000010004a32        0x2 
 .text.__wrap_vprintf
                0x0000000010004a34       0x40 CMakeFiles/TRT_OUT.dir/home/gafar/pico/pico-sdk/src/rp2_common/pico_stdio/stdio.c.obj
                0x0000000010004a34                __wrap_vprintf
 .text.__wrap_printf
                0x0000000010004a74       0x18 CMakeFiles/TRT_OUT.dir/home/gafar/pico/pico-sdk/src/rp2_common/pico_stdio/stdio.c.obj
                0x0000000010004a74                __wrap_printf
 .text.stdio_init_all
                0x0000000010004a8c        0x8 CMakeFiles/TRT_OUT.dir/home/gafar/pico/pico-sdk/src/rp2_common/pico_stdio/stdio.c.obj
                0x0000000010004a8c                stdio_init_all
 .text.__wrap_getchar
                0x0000000010004a94       0x40 CMakeFiles/TRT_OUT.dir/home/gafar/pico/pico-sdk/src/rp2_common/pico_stdio/stdio.c.obj
                0x0000000010004a94                __wrap_getchar
 .text.resetd_init
                0x0000000010004ad4        0x2 CMakeFiles/TRT_OUT.dir/home/gafar/pico/pico-sdk/src/rp2_common/pico_stdio_usb/reset_interface.c.obj
 *fill*         0x0000000010004ad6        0x2 
 .text.resetd_reset
                0x0000000010004ad8        0xc CMakeFiles/TRT_OUT.dir/home/gafar/pico/pico-sdk/src/rp2_common/pico_stdio_usb/reset_interface.c.obj
 .text.resetd_open
                0x0000000010004ae4       0x34 CMakeFiles/TRT_OUT.dir/home/gafar/pico/pico-sdk/src/rp2_common/pico_stdio_usb/reset_interface.c.obj
 .text.resetd_xfer_cb
                0x0000000010004b18        0x4 CMakeFiles/TRT_OUT.dir/home/gafar/pico/pico-sdk/src/rp2_common/pico_stdio_usb/reset_interface.c.obj
 .text.reset_usb_boot
                0x0000000010004b1c       0x18 CMakeFiles/TRT_OUT.dir/home/gafar/pico/pico-sdk/src/rp2_common/pico_stdio_usb/reset_interface.c.obj
 .text.resetd_control_xfer_cb
                0x0000000010004b34       0x5c CMakeFiles/TRT_OUT.dir/home/gafar/pico/pico-sdk/src/rp2_common/pico_stdio_usb/reset_interface.c.obj
 .text.usbd_app_driver_get_cb
                0x0000000010004b90        0xc CMakeFiles/TRT_OUT.dir/home/gafar/pico/pico-sdk/src/rp2_common/pico_stdio_usb/reset_interface.c.obj
                0x0000000010004b90                usbd_app_driver_get_cb
 .text.tud_cdc_line_coding_cb
                0x0000000010004b9c       0x28 CMakeFiles/TRT_OUT.dir/home/gafar/pico/pico-sdk/src/rp2_common/pico_stdio_usb/reset_interface.c.obj
                0x0000000010004b9c                tud_cdc_line_coding_cb
 .text.stdio_usb_set_chars_available_callback
                0x0000000010004bc4       0x14 CMakeFiles/TRT_OUT.dir/home/gafar/pico/pico-sdk/src/rp2_common/pico_stdio_usb/stdio_usb.c.obj
                0x0000000010004bc4                stdio_usb_set_chars_available_callback
 .text.usb_irq  0x0000000010004bd8       0x10 CMakeFiles/TRT_OUT.dir/home/gafar/pico/pico-sdk/src/rp2_common/pico_stdio_usb/stdio_usb.c.obj
 .text.timer_task
                0x0000000010004be8       0x5c CMakeFiles/TRT_OUT.dir/home/gafar/pico/pico-sdk/src/rp2_common/pico_stdio_usb/stdio_usb.c.obj
 .text.low_priority_worker_irq
                0x0000000010004c44       0xdc CMakeFiles/TRT_OUT.dir/home/gafar/pico/pico-sdk/src/rp2_common/pico_stdio_usb/stdio_usb.c.obj
 .text.tud_cdc_rx_cb
                0x0000000010004d20       0x20 CMakeFiles/TRT_OUT.dir/home/gafar/pico/pico-sdk/src/rp2_common/pico_stdio_usb/stdio_usb.c.obj
                0x0000000010004d20                tud_cdc_rx_cb
 .text.stdio_usb_init
                0x0000000010004d40      0x11c CMakeFiles/TRT_OUT.dir/home/gafar/pico/pico-sdk/src/rp2_common/pico_stdio_usb/stdio_usb.c.obj
                0x0000000010004d40                stdio_usb_init
 .text.stdio_usb_connected
                0x0000000010004e5c        0xa CMakeFiles/TRT_OUT.dir/home/gafar/pico/pico-sdk/src/rp2_common/pico_stdio_usb/stdio_usb.c.obj
                0x0000000010004e5c                stdio_usb_connected
 *fill*         0x0000000010004e66        0x2 
 .text.stdio_usb_in_chars
                0x0000000010004e68       0xc4 CMakeFiles/TRT_OUT.dir/home/gafar/pico/pico-sdk/src/rp2_common/pico_stdio_usb/stdio_usb.c.obj
                0x0000000010004e68                stdio_usb_in_chars
 .text.stdio_usb_out_chars
                0x0000000010004f2c      0x114 CMakeFiles/TRT_OUT.dir/home/gafar/pico/pico-sdk/src/rp2_common/pico_stdio_usb/stdio_usb.c.obj
 .text.tud_descriptor_device_cb
                0x0000000010005040        0x8 CMakeFiles/TRT_OUT.dir/home/gafar/pico/pico-sdk/src/rp2_common/pico_stdio_usb/stdio_usb_descriptors.c.obj
                0x0000000010005040                tud_descriptor_device_cb
 .text.tud_descriptor_configuration_cb
                0x0000000010005048        0x8 CMakeFiles/TRT_OUT.dir/home/gafar/pico/pico-sdk/src/rp2_common/pico_stdio_usb/stdio_usb_descriptors.c.obj
                0x0000000010005048                tud_descriptor_configuration_cb
 .text.tud_descriptor_string_cb
                0x0000000010005050       0x6c CMakeFiles/TRT_OUT.dir/home/gafar/pico/pico-sdk/src/rp2_common/pico_stdio_usb/stdio_usb_descriptors.c.obj
                0x0000000010005050                tud_descriptor_string_cb
 .text._retrieve_unique_id_on_boot
                0x00000000100050bc       0x10 CMakeFiles/TRT_OUT.dir/home/gafar/pico/pico-sdk/src/rp2_common/pico_unique_id/unique_id.c.obj
 .text.pico_get_unique_board_id_string
                0x00000000100050cc       0x60 CMakeFiles/TRT_OUT.dir/home/gafar/pico/pico-sdk/src/rp2_common/pico_unique_id/unique_id.c.obj
                0x00000000100050cc                pico_get_unique_board_id_string
 .text.flash_get_unique_id
                0x000000001000512c       0x46 CMakeFiles/TRT_OUT.dir/home/gafar/pico/pico-sdk/src/rp2_common/hardware_flash/flash.c.obj
                0x000000001000512c                flash_get_unique_id
 *fill*         0x0000000010005172        0x2 
 .text.hw_endpoint_get_by_addr
                0x0000000010005174       0x18 CMakeFiles/TRT_OUT.dir/home/gafar/pico/pico-sdk/lib/tinyusb/src/portable/raspberrypi/rp2040/dcd_rp2040.c.obj
 .text._hw_endpoint_alloc
                0x000000001000518c       0x70 CMakeFiles/TRT_OUT.dir/home/gafar/pico/pico-sdk/lib/tinyusb/src/portable/raspberrypi/rp2040/dcd_rp2040.c.obj
 .text.hw_endpoint_init
                0x00000000100051fc       0x88 CMakeFiles/TRT_OUT.dir/home/gafar/pico/pico-sdk/lib/tinyusb/src/portable/raspberrypi/rp2040/dcd_rp2040.c.obj
 .text.hw_endpoint_xfer
                0x0000000010005284       0x14 CMakeFiles/TRT_OUT.dir/home/gafar/pico/pico-sdk/lib/tinyusb/src/portable/raspberrypi/rp2040/dcd_rp2040.c.obj
 .text.dcd_int_enable
                0x0000000010005298       0x2c CMakeFiles/TRT_OUT.dir/home/gafar/pico/pico-sdk/lib/tinyusb/src/portable/raspberrypi/rp2040/dcd_rp2040.c.obj
                0x0000000010005298                dcd_int_enable
 .text.dcd_set_address
                0x00000000100052c4       0x2c CMakeFiles/TRT_OUT.dir/home/gafar/pico/pico-sdk/lib/tinyusb/src/portable/raspberrypi/rp2040/dcd_rp2040.c.obj
                0x00000000100052c4                dcd_set_address
 .text.dcd_connect
                0x00000000100052f0       0x10 CMakeFiles/TRT_OUT.dir/home/gafar/pico/pico-sdk/lib/tinyusb/src/portable/raspberrypi/rp2040/dcd_rp2040.c.obj
                0x00000000100052f0                dcd_connect
 .text.dcd_init
                0x0000000010005300       0x80 CMakeFiles/TRT_OUT.dir/home/gafar/pico/pico-sdk/lib/tinyusb/src/portable/raspberrypi/rp2040/dcd_rp2040.c.obj
                0x0000000010005300                dcd_init
 .text.dcd_edpt0_status_complete
                0x0000000010005380       0x1c CMakeFiles/TRT_OUT.dir/home/gafar/pico/pico-sdk/lib/tinyusb/src/portable/raspberrypi/rp2040/dcd_rp2040.c.obj
                0x0000000010005380                dcd_edpt0_status_complete
 .text.dcd_edpt_open
                0x000000001000539c       0x40 CMakeFiles/TRT_OUT.dir/home/gafar/pico/pico-sdk/lib/tinyusb/src/portable/raspberrypi/rp2040/dcd_rp2040.c.obj
                0x000000001000539c                dcd_edpt_open
 .text.dcd_edpt_close_all
                0x00000000100053dc        0x8 CMakeFiles/TRT_OUT.dir/home/gafar/pico/pico-sdk/lib/tinyusb/src/portable/raspberrypi/rp2040/dcd_rp2040.c.obj
                0x00000000100053dc                dcd_edpt_close_all
 .text.dcd_edpt_xfer
                0x00000000100053e4       0x34 CMakeFiles/TRT_OUT.dir/home/gafar/pico/pico-sdk/lib/tinyusb/src/portable/raspberrypi/rp2040/dcd_rp2040.c.obj
                0x00000000100053e4                dcd_edpt_xfer
 .text.dcd_edpt_stall
                0x0000000010005418       0x2c CMakeFiles/TRT_OUT.dir/home/gafar/pico/pico-sdk/lib/tinyusb/src/portable/raspberrypi/rp2040/dcd_rp2040.c.obj
                0x0000000010005418                dcd_edpt_stall
 .text.dcd_edpt_clear_stall
                0x0000000010005444       0x20 CMakeFiles/TRT_OUT.dir/home/gafar/pico/pico-sdk/lib/tinyusb/src/portable/raspberrypi/rp2040/dcd_rp2040.c.obj
                0x0000000010005444                dcd_edpt_clear_stall
 .text.rp2040_usb_init
                0x0000000010005464       0x4c CMakeFiles/TRT_OUT.dir/home/gafar/pico/pico-sdk/lib/tinyusb/src/portable/raspberrypi/rp2040/rp2040_usb.c.obj
                0x0000000010005464                rp2040_usb_init
 .text.hw_endpoint_xfer_start
                0x00000000100054b0       0x50 CMakeFiles/TRT_OUT.dir/home/gafar/pico/pico-sdk/lib/tinyusb/src/portable/raspberrypi/rp2040/rp2040_usb.c.obj
                0x00000000100054b0                hw_endpoint_xfer_start
 .text.configuration_reset
                0x0000000010005500       0x84 CMakeFiles/TRT_OUT.dir/home/gafar/pico/pico-sdk/lib/tinyusb/src/device/usbd.c.obj
 .text.usbd_reset
                0x0000000010005584        0xc CMakeFiles/TRT_OUT.dir/home/gafar/pico/pico-sdk/lib/tinyusb/src/device/usbd.c.obj
 .text.invoke_class_control
                0x0000000010005590       0x1a CMakeFiles/TRT_OUT.dir/home/gafar/pico/pico-sdk/lib/tinyusb/src/device/usbd.c.obj
 *fill*         0x00000000100055aa        0x2 
 .text.process_set_config
                0x00000000100055ac      0x178 CMakeFiles/TRT_OUT.dir/home/gafar/pico/pico-sdk/lib/tinyusb/src/device/usbd.c.obj
 .text.process_get_descriptor
                0x0000000010005724       0xdc CMakeFiles/TRT_OUT.dir/home/gafar/pico/pico-sdk/lib/tinyusb/src/device/usbd.c.obj
 .text.tud_mounted
                0x0000000010005800       0x10 CMakeFiles/TRT_OUT.dir/home/gafar/pico/pico-sdk/lib/tinyusb/src/device/usbd.c.obj
                0x0000000010005800                tud_mounted
 .text.tud_suspended
                0x0000000010005810       0x10 CMakeFiles/TRT_OUT.dir/home/gafar/pico/pico-sdk/lib/tinyusb/src/device/usbd.c.obj
                0x0000000010005810                tud_suspended
 .text.tud_inited
                0x0000000010005820       0x14 CMakeFiles/TRT_OUT.dir/home/gafar/pico/pico-sdk/lib/tinyusb/src/device/usbd.c.obj
                0x0000000010005820                tud_inited
 .text.tud_init
                0x0000000010005834       0xcc CMakeFiles/TRT_OUT.dir/home/gafar/pico/pico-sdk/lib/tinyusb/src/device/usbd.c.obj
                0x0000000010005834                tud_init
 .text.usbd_defer_func
                0x0000000010005900       0x2a CMakeFiles/TRT_OUT.dir/home/gafar/pico/pico-sdk/lib/tinyusb/src/device/usbd.c.obj
                0x0000000010005900                usbd_defer_func
 *fill*         0x000000001000592a        0x2 
 .text.usbd_edpt_open
                0x000000001000592c       0x34 CMakeFiles/TRT_OUT.dir/home/gafar/pico/pico-sdk/lib/tinyusb/src/device/usbd.c.obj
                0x000000001000592c                usbd_edpt_open
 .text.usbd_open_edpt_pair
                0x0000000010005960       0x62 CMakeFiles/TRT_OUT.dir/home/gafar/pico/pico-sdk/lib/tinyusb/src/device/usbd.c.obj
                0x0000000010005960                usbd_open_edpt_pair
 *fill*         0x00000000100059c2        0x2 
 .text.usbd_edpt_claim
                0x00000000100059c4       0x28 CMakeFiles/TRT_OUT.dir/home/gafar/pico/pico-sdk/lib/tinyusb/src/device/usbd.c.obj
                0x00000000100059c4                usbd_edpt_claim
 .text.usbd_edpt_release
                0x00000000100059ec       0x28 CMakeFiles/TRT_OUT.dir/home/gafar/pico/pico-sdk/lib/tinyusb/src/device/usbd.c.obj
                0x00000000100059ec                usbd_edpt_release
 .text.usbd_edpt_xfer
                0x0000000010005a14       0x78 CMakeFiles/TRT_OUT.dir/home/gafar/pico/pico-sdk/lib/tinyusb/src/device/usbd.c.obj
                0x0000000010005a14                usbd_edpt_xfer
 .text.usbd_edpt_stall
                0x0000000010005a8c       0x48 CMakeFiles/TRT_OUT.dir/home/gafar/pico/pico-sdk/lib/tinyusb/src/device/usbd.c.obj
                0x0000000010005a8c                usbd_edpt_stall
 .text.usbd_edpt_clear_stall
                0x0000000010005ad4       0x48 CMakeFiles/TRT_OUT.dir/home/gafar/pico/pico-sdk/lib/tinyusb/src/device/usbd.c.obj
                0x0000000010005ad4                usbd_edpt_clear_stall
 .text.usbd_edpt_stalled
                0x0000000010005b1c       0x1c CMakeFiles/TRT_OUT.dir/home/gafar/pico/pico-sdk/lib/tinyusb/src/device/usbd.c.obj
                0x0000000010005b1c                usbd_edpt_stalled
 .text.process_control_request
                0x0000000010005b38      0x37c CMakeFiles/TRT_OUT.dir/home/gafar/pico/pico-sdk/lib/tinyusb/src/device/usbd.c.obj
 .text.tud_task_ext
                0x0000000010005eb4      0x1b8 CMakeFiles/TRT_OUT.dir/home/gafar/pico/pico-sdk/lib/tinyusb/src/device/usbd.c.obj
                0x0000000010005eb4                tud_task_ext
 .text._data_stage_xact
                0x000000001000606c       0x58 CMakeFiles/TRT_OUT.dir/home/gafar/pico/pico-sdk/lib/tinyusb/src/device/usbd_control.c.obj
 .text.tud_control_status
                0x00000000100060c4       0x38 CMakeFiles/TRT_OUT.dir/home/gafar/pico/pico-sdk/lib/tinyusb/src/device/usbd_control.c.obj
                0x00000000100060c4                tud_control_status
 .text.tud_control_xfer
                0x00000000100060fc       0x74 CMakeFiles/TRT_OUT.dir/home/gafar/pico/pico-sdk/lib/tinyusb/src/device/usbd_control.c.obj
                0x00000000100060fc                tud_control_xfer
 .text.usbd_control_reset
                0x0000000010006170       0x14 CMakeFiles/TRT_OUT.dir/home/gafar/pico/pico-sdk/lib/tinyusb/src/device/usbd_control.c.obj
                0x0000000010006170                usbd_control_reset
 .text.usbd_control_set_complete_callback
                0x0000000010006184        0xc CMakeFiles/TRT_OUT.dir/home/gafar/pico/pico-sdk/lib/tinyusb/src/device/usbd_control.c.obj
                0x0000000010006184                usbd_control_set_complete_callback
 .text.usbd_control_set_request
                0x0000000010006190       0x1c CMakeFiles/TRT_OUT.dir/home/gafar/pico/pico-sdk/lib/tinyusb/src/device/usbd_control.c.obj
                0x0000000010006190                usbd_control_set_request
 .text.usbd_control_xfer_cb
                0x00000000100061ac       0xcc CMakeFiles/TRT_OUT.dir/home/gafar/pico/pico-sdk/lib/tinyusb/src/device/usbd_control.c.obj
                0x00000000100061ac                usbd_control_xfer_cb
 .text._prep_out_transaction
                0x0000000010006278       0x4a CMakeFiles/TRT_OUT.dir/home/gafar/pico/pico-sdk/lib/tinyusb/src/class/cdc/cdc_device.c.obj
 *fill*         0x00000000100062c2        0x2 
 .text.tud_cdc_n_connected
                0x00000000100062c4       0x44 CMakeFiles/TRT_OUT.dir/home/gafar/pico/pico-sdk/lib/tinyusb/src/class/cdc/cdc_device.c.obj
                0x00000000100062c4                tud_cdc_n_connected
 .text.tud_cdc_n_available
                0x0000000010006308       0x18 CMakeFiles/TRT_OUT.dir/home/gafar/pico/pico-sdk/lib/tinyusb/src/class/cdc/cdc_device.c.obj
                0x0000000010006308                tud_cdc_n_available
 .text.tud_cdc_n_read
                0x0000000010006320       0x28 CMakeFiles/TRT_OUT.dir/home/gafar/pico/pico-sdk/lib/tinyusb/src/class/cdc/cdc_device.c.obj
                0x0000000010006320                tud_cdc_n_read
 .text.tud_cdc_n_write_flush
                0x0000000010006348       0xb8 CMakeFiles/TRT_OUT.dir/home/gafar/pico/pico-sdk/lib/tinyusb/src/class/cdc/cdc_device.c.obj
                0x0000000010006348                tud_cdc_n_write_flush
 .text.tud_cdc_n_write
                0x0000000010006400       0x38 CMakeFiles/TRT_OUT.dir/home/gafar/pico/pico-sdk/lib/tinyusb/src/class/cdc/cdc_device.c.obj
                0x0000000010006400                tud_cdc_n_write
 .text.tud_cdc_n_write_available
                0x0000000010006438       0x1c CMakeFiles/TRT_OUT.dir/home/gafar/pico/pico-sdk/lib/tinyusb/src/class/cdc/cdc_device.c.obj
                0x0000000010006438                tud_cdc_n_write_available
 .text.cdcd_init
                0x0000000010006454       0xbc CMakeFiles/TRT_OUT.dir/home/gafar/pico/pico-sdk/lib/tinyusb/src/class/cdc/cdc_device.c.obj
                0x0000000010006454                cdcd_init
 .text.cdcd_reset
                0x0000000010006510       0x44 CMakeFiles/TRT_OUT.dir/home/gafar/pico/pico-sdk/lib/tinyusb/src/class/cdc/cdc_device.c.obj
                0x0000000010006510                cdcd_reset
 .text.cdcd_open
                0x0000000010006554       0xcc CMakeFiles/TRT_OUT.dir/home/gafar/pico/pico-sdk/lib/tinyusb/src/class/cdc/cdc_device.c.obj
                0x0000000010006554                cdcd_open
 .text.cdcd_control_xfer_cb
                0x0000000010006620      0x134 CMakeFiles/TRT_OUT.dir/home/gafar/pico/pico-sdk/lib/tinyusb/src/class/cdc/cdc_device.c.obj
                0x0000000010006620                cdcd_control_xfer_cb
 .text.cdcd_xfer_cb
                0x0000000010006754      0x130 CMakeFiles/TRT_OUT.dir/home/gafar/pico/pico-sdk/lib/tinyusb/src/class/cdc/cdc_device.c.obj
                0x0000000010006754                cdcd_xfer_cb
 .text.tusb_init
                0x0000000010006884        0xa CMakeFiles/TRT_OUT.dir/home/gafar/pico/pico-sdk/lib/tinyusb/src/tusb.c.obj
                0x0000000010006884                tusb_init
 .text.tusb_inited
                0x000000001000688e        0xe CMakeFiles/TRT_OUT.dir/home/gafar/pico/pico-sdk/lib/tinyusb/src/tusb.c.obj
                0x000000001000688e                tusb_inited
 .text.tu_edpt_claim
                0x000000001000689c       0x50 CMakeFiles/TRT_OUT.dir/home/gafar/pico/pico-sdk/lib/tinyusb/src/tusb.c.obj
                0x000000001000689c                tu_edpt_claim
 .text.tu_edpt_release
                0x00000000100068ec       0x3c CMakeFiles/TRT_OUT.dir/home/gafar/pico/pico-sdk/lib/tinyusb/src/tusb.c.obj
                0x00000000100068ec                tu_edpt_release
 .text.tu_edpt_validate
                0x0000000010006928       0x78 CMakeFiles/TRT_OUT.dir/home/gafar/pico/pico-sdk/lib/tinyusb/src/tusb.c.obj
                0x0000000010006928                tu_edpt_validate
 .text.tu_edpt_bind_driver
                0x00000000100069a0       0x26 CMakeFiles/TRT_OUT.dir/home/gafar/pico/pico-sdk/lib/tinyusb/src/tusb.c.obj
                0x00000000100069a0                tu_edpt_bind_driver
 .text.advance_index
                0x00000000100069c6       0x1a CMakeFiles/TRT_OUT.dir/home/gafar/pico/pico-sdk/lib/tinyusb/src/common/tusb_fifo.c.obj
 .text._tu_fifo_peek
                0x00000000100069e0       0x56 CMakeFiles/TRT_OUT.dir/home/gafar/pico/pico-sdk/lib/tinyusb/src/common/tusb_fifo.c.obj
 .text._ff_pull_const_addr
                0x0000000010006a36       0x4c CMakeFiles/TRT_OUT.dir/home/gafar/pico/pico-sdk/lib/tinyusb/src/common/tusb_fifo.c.obj
 .text._ff_pull_n
                0x0000000010006a82      0x110 CMakeFiles/TRT_OUT.dir/home/gafar/pico/pico-sdk/lib/tinyusb/src/common/tusb_fifo.c.obj
 .text._tu_fifo_peek_n
                0x0000000010006b92       0x6a CMakeFiles/TRT_OUT.dir/home/gafar/pico/pico-sdk/lib/tinyusb/src/common/tusb_fifo.c.obj
 .text._tu_fifo_read_n
                0x0000000010006bfc       0x4e CMakeFiles/TRT_OUT.dir/home/gafar/pico/pico-sdk/lib/tinyusb/src/common/tusb_fifo.c.obj
 .text._ff_push_const_addr
                0x0000000010006c4a       0x40 CMakeFiles/TRT_OUT.dir/home/gafar/pico/pico-sdk/lib/tinyusb/src/common/tusb_fifo.c.obj
 .text._ff_push_n
                0x0000000010006c8a      0x10c CMakeFiles/TRT_OUT.dir/home/gafar/pico/pico-sdk/lib/tinyusb/src/common/tusb_fifo.c.obj
 .text._tu_fifo_write_n
                0x0000000010006d96       0xf0 CMakeFiles/TRT_OUT.dir/home/gafar/pico/pico-sdk/lib/tinyusb/src/common/tusb_fifo.c.obj
 .text.tu_fifo_config
                0x0000000010006e86       0x7c CMakeFiles/TRT_OUT.dir/home/gafar/pico/pico-sdk/lib/tinyusb/src/common/tusb_fifo.c.obj
                0x0000000010006e86                tu_fifo_config
 .text.tu_fifo_count
                0x0000000010006f02       0x2a CMakeFiles/TRT_OUT.dir/home/gafar/pico/pico-sdk/lib/tinyusb/src/common/tusb_fifo.c.obj
                0x0000000010006f02                tu_fifo_count
 .text.tu_fifo_empty
                0x0000000010006f2c       0x10 CMakeFiles/TRT_OUT.dir/home/gafar/pico/pico-sdk/lib/tinyusb/src/common/tusb_fifo.c.obj
                0x0000000010006f2c                tu_fifo_empty
 .text.tu_fifo_full
                0x0000000010006f3c       0x28 CMakeFiles/TRT_OUT.dir/home/gafar/pico/pico-sdk/lib/tinyusb/src/common/tusb_fifo.c.obj
                0x0000000010006f3c                tu_fifo_full
 .text.tu_fifo_remaining
                0x0000000010006f64       0x2c CMakeFiles/TRT_OUT.dir/home/gafar/pico/pico-sdk/lib/tinyusb/src/common/tusb_fifo.c.obj
                0x0000000010006f64                tu_fifo_remaining
 .text.tu_fifo_read
                0x0000000010006f90       0x42 CMakeFiles/TRT_OUT.dir/home/gafar/pico/pico-sdk/lib/tinyusb/src/common/tusb_fifo.c.obj
                0x0000000010006f90                tu_fifo_read
 .text.tu_fifo_read_n
                0x0000000010006fd2        0xa CMakeFiles/TRT_OUT.dir/home/gafar/pico/pico-sdk/lib/tinyusb/src/common/tusb_fifo.c.obj
                0x0000000010006fd2                tu_fifo_read_n
 .text.tu_fifo_write
                0x0000000010006fdc       0x64 CMakeFiles/TRT_OUT.dir/home/gafar/pico/pico-sdk/lib/tinyusb/src/common/tusb_fifo.c.obj
                0x0000000010006fdc                tu_fifo_write
 .text.tu_fifo_write_n
                0x0000000010007040        0xa CMakeFiles/TRT_OUT.dir/home/gafar/pico/pico-sdk/lib/tinyusb/src/common/tusb_fifo.c.obj
                0x0000000010007040                tu_fifo_write_n
 .text.tu_fifo_clear
                0x000000001000704a       0x3e CMakeFiles/TRT_OUT.dir/home/gafar/pico/pico-sdk/lib/tinyusb/src/common/tusb_fifo.c.obj
                0x000000001000704a                tu_fifo_clear
 .text.tu_fifo_set_overwritable
                0x0000000010007088       0x46 CMakeFiles/TRT_OUT.dir/home/gafar/pico/pico-sdk/lib/tinyusb/src/common/tusb_fifo.c.obj
                0x0000000010007088                tu_fifo_set_overwritable
 .text.ff_memalloc
                0x00000000100070ce        0x8 CMakeFiles/TRT_OUT.dir/lib/no-OS-FatFS-SD-SPI-RPi-Pico/FatFs_SPI/ff15/source/ffsystem.c.obj
                0x00000000100070ce                ff_memalloc
 .text.ff_memfree
                0x00000000100070d6        0x8 CMakeFiles/TRT_OUT.dir/lib/no-OS-FatFS-SD-SPI-RPi-Pico/FatFs_SPI/ff15/source/ffsystem.c.obj
                0x00000000100070d6                ff_memfree
 *fill*         0x00000000100070de        0x2 
 .text.ff_uni2oem
                0x00000000100070e0       0x44 CMakeFiles/TRT_OUT.dir/lib/no-OS-FatFS-SD-SPI-RPi-Pico/FatFs_SPI/ff15/source/ffunicode.c.obj
                0x00000000100070e0                ff_uni2oem
 .text.ff_wtoupper
                0x0000000010007124       0xa8 CMakeFiles/TRT_OUT.dir/lib/no-OS-FatFS-SD-SPI-RPi-Pico/FatFs_SPI/ff15/source/ffunicode.c.obj
                0x0000000010007124                ff_wtoupper
 .text.ld_word  0x00000000100071cc        0xa CMakeFiles/TRT_OUT.dir/lib/no-OS-FatFS-SD-SPI-RPi-Pico/FatFs_SPI/ff15/source/ff.c.obj
 .text.ld_dword
                0x00000000100071d6       0x18 CMakeFiles/TRT_OUT.dir/lib/no-OS-FatFS-SD-SPI-RPi-Pico/FatFs_SPI/ff15/source/ff.c.obj
 .text.ld_qword
                0x00000000100071ee       0x42 CMakeFiles/TRT_OUT.dir/lib/no-OS-FatFS-SD-SPI-RPi-Pico/FatFs_SPI/ff15/source/ff.c.obj
 .text.st_word  0x0000000010007230        0x8 CMakeFiles/TRT_OUT.dir/lib/no-OS-FatFS-SD-SPI-RPi-Pico/FatFs_SPI/ff15/source/ff.c.obj
 .text.st_dword
                0x0000000010007238       0x10 CMakeFiles/TRT_OUT.dir/lib/no-OS-FatFS-SD-SPI-RPi-Pico/FatFs_SPI/ff15/source/ff.c.obj
 .text.st_qword
                0x0000000010007248       0x1e CMakeFiles/TRT_OUT.dir/lib/no-OS-FatFS-SD-SPI-RPi-Pico/FatFs_SPI/ff15/source/ff.c.obj
 .text.dbc_1st  0x0000000010007266        0x4 CMakeFiles/TRT_OUT.dir/lib/no-OS-FatFS-SD-SPI-RPi-Pico/FatFs_SPI/ff15/source/ff.c.obj
 *fill*         0x000000001000726a        0x2 
 .text.tchar2uni
                0x000000001000726c       0xd0 CMakeFiles/TRT_OUT.dir/lib/no-OS-FatFS-SD-SPI-RPi-Pico/FatFs_SPI/ff15/source/ff.c.obj
 .text.chk_share
                0x000000001000733c       0x78 CMakeFiles/TRT_OUT.dir/lib/no-OS-FatFS-SD-SPI-RPi-Pico/FatFs_SPI/ff15/source/ff.c.obj
 .text.enq_share
                0x00000000100073b4       0x20 CMakeFiles/TRT_OUT.dir/lib/no-OS-FatFS-SD-SPI-RPi-Pico/FatFs_SPI/ff15/source/ff.c.obj
 .text.inc_share
                0x00000000100073d4       0xa8 CMakeFiles/TRT_OUT.dir/lib/no-OS-FatFS-SD-SPI-RPi-Pico/FatFs_SPI/ff15/source/ff.c.obj
 .text.dec_share
                0x000000001000747c       0x44 CMakeFiles/TRT_OUT.dir/lib/no-OS-FatFS-SD-SPI-RPi-Pico/FatFs_SPI/ff15/source/ff.c.obj
 .text.clear_share
                0x00000000100074c0       0x24 CMakeFiles/TRT_OUT.dir/lib/no-OS-FatFS-SD-SPI-RPi-Pico/FatFs_SPI/ff15/source/ff.c.obj
 .text.clst2sect
                0x00000000100074e4       0x28 CMakeFiles/TRT_OUT.dir/lib/no-OS-FatFS-SD-SPI-RPi-Pico/FatFs_SPI/ff15/source/ff.c.obj
 .text.clmt_clust
                0x000000001000750c       0x30 CMakeFiles/TRT_OUT.dir/lib/no-OS-FatFS-SD-SPI-RPi-Pico/FatFs_SPI/ff15/source/ff.c.obj
 .text.ld_clust
                0x000000001000753c       0x26 CMakeFiles/TRT_OUT.dir/lib/no-OS-FatFS-SD-SPI-RPi-Pico/FatFs_SPI/ff15/source/ff.c.obj
 .text.st_clust
                0x0000000010007562       0x26 CMakeFiles/TRT_OUT.dir/lib/no-OS-FatFS-SD-SPI-RPi-Pico/FatFs_SPI/ff15/source/ff.c.obj
 .text.pick_lfn
                0x0000000010007588       0x94 CMakeFiles/TRT_OUT.dir/lib/no-OS-FatFS-SD-SPI-RPi-Pico/FatFs_SPI/ff15/source/ff.c.obj
 .text.put_lfn  0x000000001000761c       0x8c CMakeFiles/TRT_OUT.dir/lib/no-OS-FatFS-SD-SPI-RPi-Pico/FatFs_SPI/ff15/source/ff.c.obj
 .text.sum_sfn  0x00000000100076a8       0x20 CMakeFiles/TRT_OUT.dir/lib/no-OS-FatFS-SD-SPI-RPi-Pico/FatFs_SPI/ff15/source/ff.c.obj
 .text.xdir_sum
                0x00000000100076c8       0x2e CMakeFiles/TRT_OUT.dir/lib/no-OS-FatFS-SD-SPI-RPi-Pico/FatFs_SPI/ff15/source/ff.c.obj
 .text.init_alloc_info
                0x00000000100076f6       0x2e CMakeFiles/TRT_OUT.dir/lib/no-OS-FatFS-SD-SPI-RPi-Pico/FatFs_SPI/ff15/source/ff.c.obj
 .text.get_ldnumber
                0x0000000010007724       0x5c CMakeFiles/TRT_OUT.dir/lib/no-OS-FatFS-SD-SPI-RPi-Pico/FatFs_SPI/ff15/source/ff.c.obj
 .text.crc32    0x0000000010007780       0x2c CMakeFiles/TRT_OUT.dir/lib/no-OS-FatFS-SD-SPI-RPi-Pico/FatFs_SPI/ff15/source/ff.c.obj
 .text.ilog10   0x00000000100077ac       0xb0 CMakeFiles/TRT_OUT.dir/lib/no-OS-FatFS-SD-SPI-RPi-Pico/FatFs_SPI/ff15/source/ff.c.obj
 .text.i10x     0x000000001000785c       0x54 CMakeFiles/TRT_OUT.dir/lib/no-OS-FatFS-SD-SPI-RPi-Pico/FatFs_SPI/ff15/source/ff.c.obj
 .text.ftoa     0x00000000100078b0      0x294 CMakeFiles/TRT_OUT.dir/lib/no-OS-FatFS-SD-SPI-RPi-Pico/FatFs_SPI/ff15/source/ff.c.obj
 .text.validate
                0x0000000010007b44       0x52 CMakeFiles/TRT_OUT.dir/lib/no-OS-FatFS-SD-SPI-RPi-Pico/FatFs_SPI/ff15/source/ff.c.obj
 *fill*         0x0000000010007b96        0x2 
 .text.test_gpt_header
                0x0000000010007b98       0x7c CMakeFiles/TRT_OUT.dir/lib/no-OS-FatFS-SD-SPI-RPi-Pico/FatFs_SPI/ff15/source/ff.c.obj
 .text.sync_window
                0x0000000010007c14       0x70 CMakeFiles/TRT_OUT.dir/lib/no-OS-FatFS-SD-SPI-RPi-Pico/FatFs_SPI/ff15/source/ff.c.obj
 .text.move_window
                0x0000000010007c84       0x4c CMakeFiles/TRT_OUT.dir/lib/no-OS-FatFS-SD-SPI-RPi-Pico/FatFs_SPI/ff15/source/ff.c.obj
 .text.check_fs
                0x0000000010007cd0      0x100 CMakeFiles/TRT_OUT.dir/lib/no-OS-FatFS-SD-SPI-RPi-Pico/FatFs_SPI/ff15/source/ff.c.obj
 .text.find_volume
                0x0000000010007dd0      0x14c CMakeFiles/TRT_OUT.dir/lib/no-OS-FatFS-SD-SPI-RPi-Pico/FatFs_SPI/ff15/source/ff.c.obj
 .text.mount_volume
                0x0000000010007f1c      0x540 CMakeFiles/TRT_OUT.dir/lib/no-OS-FatFS-SD-SPI-RPi-Pico/FatFs_SPI/ff15/source/ff.c.obj
 .text.find_bitmap
                0x000000001000845c       0xa6 CMakeFiles/TRT_OUT.dir/lib/no-OS-FatFS-SD-SPI-RPi-Pico/FatFs_SPI/ff15/source/ff.c.obj
 .text.change_bitmap
                0x0000000010008502       0x96 CMakeFiles/TRT_OUT.dir/lib/no-OS-FatFS-SD-SPI-RPi-Pico/FatFs_SPI/ff15/source/ff.c.obj
 .text.put_fat  0x0000000010008598      0x176 CMakeFiles/TRT_OUT.dir/lib/no-OS-FatFS-SD-SPI-RPi-Pico/FatFs_SPI/ff15/source/ff.c.obj
 .text.fill_last_frag
                0x000000001000870e       0x32 CMakeFiles/TRT_OUT.dir/lib/no-OS-FatFS-SD-SPI-RPi-Pico/FatFs_SPI/ff15/source/ff.c.obj
 .text.fill_first_frag
                0x0000000010008740       0x32 CMakeFiles/TRT_OUT.dir/lib/no-OS-FatFS-SD-SPI-RPi-Pico/FatFs_SPI/ff15/source/ff.c.obj
 *fill*         0x0000000010008772        0x2 
 .text.get_fat  0x0000000010008774      0x1ac CMakeFiles/TRT_OUT.dir/lib/no-OS-FatFS-SD-SPI-RPi-Pico/FatFs_SPI/ff15/source/ff.c.obj
 .text.create_chain
                0x0000000010008920      0x1c6 CMakeFiles/TRT_OUT.dir/lib/no-OS-FatFS-SD-SPI-RPi-Pico/FatFs_SPI/ff15/source/ff.c.obj
 .text.dir_sdi  0x0000000010008ae6       0xd4 CMakeFiles/TRT_OUT.dir/lib/no-OS-FatFS-SD-SPI-RPi-Pico/FatFs_SPI/ff15/source/ff.c.obj
 .text.remove_chain
                0x0000000010008bba      0x14c CMakeFiles/TRT_OUT.dir/lib/no-OS-FatFS-SD-SPI-RPi-Pico/FatFs_SPI/ff15/source/ff.c.obj
 .text.putc_init
                0x0000000010008d06       0x12 CMakeFiles/TRT_OUT.dir/lib/no-OS-FatFS-SD-SPI-RPi-Pico/FatFs_SPI/ff15/source/ff.c.obj
 .text.dir_clear
                0x0000000010008d18       0xf0 CMakeFiles/TRT_OUT.dir/lib/no-OS-FatFS-SD-SPI-RPi-Pico/FatFs_SPI/ff15/source/ff.c.obj
 .text.dir_next
                0x0000000010008e08      0x104 CMakeFiles/TRT_OUT.dir/lib/no-OS-FatFS-SD-SPI-RPi-Pico/FatFs_SPI/ff15/source/ff.c.obj
 .text.dir_alloc
                0x0000000010008f0c       0x70 CMakeFiles/TRT_OUT.dir/lib/no-OS-FatFS-SD-SPI-RPi-Pico/FatFs_SPI/ff15/source/ff.c.obj
 .text.load_xdir
                0x0000000010008f7c      0x10c CMakeFiles/TRT_OUT.dir/lib/no-OS-FatFS-SD-SPI-RPi-Pico/FatFs_SPI/ff15/source/ff.c.obj
 .text.load_obj_xdir
                0x0000000010009088       0x36 CMakeFiles/TRT_OUT.dir/lib/no-OS-FatFS-SD-SPI-RPi-Pico/FatFs_SPI/ff15/source/ff.c.obj
 .text.dir_read
                0x00000000100090be      0x114 CMakeFiles/TRT_OUT.dir/lib/no-OS-FatFS-SD-SPI-RPi-Pico/FatFs_SPI/ff15/source/ff.c.obj
 *fill*         0x00000000100091d2        0x2 
 .text.gen_numname
                0x00000000100091d4       0xac CMakeFiles/TRT_OUT.dir/lib/no-OS-FatFS-SD-SPI-RPi-Pico/FatFs_SPI/ff15/source/ff.c.obj
 .text.store_xdir
                0x0000000010009280       0x66 CMakeFiles/TRT_OUT.dir/lib/no-OS-FatFS-SD-SPI-RPi-Pico/FatFs_SPI/ff15/source/ff.c.obj
 *fill*         0x00000000100092e6        0x2 
 .text.create_name
                0x00000000100092e8      0x324 CMakeFiles/TRT_OUT.dir/lib/no-OS-FatFS-SD-SPI-RPi-Pico/FatFs_SPI/ff15/source/ff.c.obj
 .text.xname_sum
                0x000000001000960c       0x38 CMakeFiles/TRT_OUT.dir/lib/no-OS-FatFS-SD-SPI-RPi-Pico/FatFs_SPI/ff15/source/ff.c.obj
 .text.create_xdir
                0x0000000010009644       0x90 CMakeFiles/TRT_OUT.dir/lib/no-OS-FatFS-SD-SPI-RPi-Pico/FatFs_SPI/ff15/source/ff.c.obj
 .text.cmp_lfn  0x00000000100096d4       0xb0 CMakeFiles/TRT_OUT.dir/lib/no-OS-FatFS-SD-SPI-RPi-Pico/FatFs_SPI/ff15/source/ff.c.obj
 .text.dir_find
                0x0000000010009784      0x18c CMakeFiles/TRT_OUT.dir/lib/no-OS-FatFS-SD-SPI-RPi-Pico/FatFs_SPI/ff15/source/ff.c.obj
 .text.follow_path
                0x0000000010009910      0x11a CMakeFiles/TRT_OUT.dir/lib/no-OS-FatFS-SD-SPI-RPi-Pico/FatFs_SPI/ff15/source/ff.c.obj
 .text.dir_register
                0x0000000010009a2a      0x202 CMakeFiles/TRT_OUT.dir/lib/no-OS-FatFS-SD-SPI-RPi-Pico/FatFs_SPI/ff15/source/ff.c.obj
 .text.sync_fs  0x0000000010009c2c       0xa8 CMakeFiles/TRT_OUT.dir/lib/no-OS-FatFS-SD-SPI-RPi-Pico/FatFs_SPI/ff15/source/ff.c.obj
 .text.f_mount  0x0000000010009cd4       0x60 CMakeFiles/TRT_OUT.dir/lib/no-OS-FatFS-SD-SPI-RPi-Pico/FatFs_SPI/ff15/source/ff.c.obj
                0x0000000010009cd4                f_mount
 .text.f_open   0x0000000010009d34      0x366 CMakeFiles/TRT_OUT.dir/lib/no-OS-FatFS-SD-SPI-RPi-Pico/FatFs_SPI/ff15/source/ff.c.obj
                0x0000000010009d34                f_open
 .text.f_read   0x000000001000a09a      0x250 CMakeFiles/TRT_OUT.dir/lib/no-OS-FatFS-SD-SPI-RPi-Pico/FatFs_SPI/ff15/source/ff.c.obj
                0x000000001000a09a                f_read
 .text.f_write  0x000000001000a2ea      0x2a0 CMakeFiles/TRT_OUT.dir/lib/no-OS-FatFS-SD-SPI-RPi-Pico/FatFs_SPI/ff15/source/ff.c.obj
                0x000000001000a2ea                f_write
 .text.putc_bfd
                0x000000001000a58a      0x18e CMakeFiles/TRT_OUT.dir/lib/no-OS-FatFS-SD-SPI-RPi-Pico/FatFs_SPI/ff15/source/ff.c.obj
 .text.putc_flush
                0x000000001000a718       0x3c CMakeFiles/TRT_OUT.dir/lib/no-OS-FatFS-SD-SPI-RPi-Pico/FatFs_SPI/ff15/source/ff.c.obj
 .text.f_sync   0x000000001000a754      0x17e CMakeFiles/TRT_OUT.dir/lib/no-OS-FatFS-SD-SPI-RPi-Pico/FatFs_SPI/ff15/source/ff.c.obj
                0x000000001000a754                f_sync
 .text.f_close  0x000000001000a8d2       0x2e CMakeFiles/TRT_OUT.dir/lib/no-OS-FatFS-SD-SPI-RPi-Pico/FatFs_SPI/ff15/source/ff.c.obj
                0x000000001000a8d2                f_close
 .text.f_gets   0x000000001000a900      0x17c CMakeFiles/TRT_OUT.dir/lib/no-OS-FatFS-SD-SPI-RPi-Pico/FatFs_SPI/ff15/source/ff.c.obj
                0x000000001000a900                f_gets
 .text.f_printf
                0x000000001000aa7c      0x450 CMakeFiles/TRT_OUT.dir/lib/no-OS-FatFS-SD-SPI-RPi-Pico/FatFs_SPI/ff15/source/ff.c.obj
                0x000000001000aa7c                f_printf
 .text.sd_spi_deselect
                0x000000001000aecc       0x26 CMakeFiles/TRT_OUT.dir/lib/no-OS-FatFS-SD-SPI-RPi-Pico/FatFs_SPI/sd_driver/sd_spi.c.obj
 .text.sd_spi_select
                0x000000001000aef2       0x26 CMakeFiles/TRT_OUT.dir/lib/no-OS-FatFS-SD-SPI-RPi-Pico/FatFs_SPI/sd_driver/sd_spi.c.obj
 .text.sd_spi_lock
                0x000000001000af18        0xa CMakeFiles/TRT_OUT.dir/lib/no-OS-FatFS-SD-SPI-RPi-Pico/FatFs_SPI/sd_driver/sd_spi.c.obj
 .text.sd_spi_unlock
                0x000000001000af22        0xa CMakeFiles/TRT_OUT.dir/lib/no-OS-FatFS-SD-SPI-RPi-Pico/FatFs_SPI/sd_driver/sd_spi.c.obj
 .text.sd_spi_go_high_frequency
                0x000000001000af2c        0xe CMakeFiles/TRT_OUT.dir/lib/no-OS-FatFS-SD-SPI-RPi-Pico/FatFs_SPI/sd_driver/sd_spi.c.obj
                0x000000001000af2c                sd_spi_go_high_frequency
 *fill*         0x000000001000af3a        0x2 
 .text.sd_spi_go_low_frequency
                0x000000001000af3c       0x14 CMakeFiles/TRT_OUT.dir/lib/no-OS-FatFS-SD-SPI-RPi-Pico/FatFs_SPI/sd_driver/sd_spi.c.obj
                0x000000001000af3c                sd_spi_go_low_frequency
 .text.sd_spi_deselect_pulse
                0x000000001000af50       0x10 CMakeFiles/TRT_OUT.dir/lib/no-OS-FatFS-SD-SPI-RPi-Pico/FatFs_SPI/sd_driver/sd_spi.c.obj
                0x000000001000af50                sd_spi_deselect_pulse
 .text.sd_spi_acquire
                0x000000001000af60       0x10 CMakeFiles/TRT_OUT.dir/lib/no-OS-FatFS-SD-SPI-RPi-Pico/FatFs_SPI/sd_driver/sd_spi.c.obj
                0x000000001000af60                sd_spi_acquire
 .text.sd_spi_release
                0x000000001000af70       0x10 CMakeFiles/TRT_OUT.dir/lib/no-OS-FatFS-SD-SPI-RPi-Pico/FatFs_SPI/sd_driver/sd_spi.c.obj
                0x000000001000af70                sd_spi_release
 .text.sd_spi_transfer
                0x000000001000af80        0xa CMakeFiles/TRT_OUT.dir/lib/no-OS-FatFS-SD-SPI-RPi-Pico/FatFs_SPI/sd_driver/sd_spi.c.obj
                0x000000001000af80                sd_spi_transfer
 *fill*         0x000000001000af8a        0x2 
 .text.sd_spi_write
                0x000000001000af8c       0x44 CMakeFiles/TRT_OUT.dir/lib/no-OS-FatFS-SD-SPI-RPi-Pico/FatFs_SPI/sd_driver/sd_spi.c.obj
                0x000000001000af8c                sd_spi_write
 .text.sd_spi_send_initializing_sequence
                0x000000001000afd0       0xc0 CMakeFiles/TRT_OUT.dir/lib/no-OS-FatFS-SD-SPI-RPi-Pico/FatFs_SPI/sd_driver/sd_spi.c.obj
                0x000000001000afd0                sd_spi_send_initializing_sequence
 .text.in_spi_irq_handler
                0x000000001000b090       0x90 CMakeFiles/TRT_OUT.dir/lib/no-OS-FatFS-SD-SPI-RPi-Pico/FatFs_SPI/sd_driver/spi.c.obj
 .text.spi_lock
                0x000000001000b120       0x28 CMakeFiles/TRT_OUT.dir/lib/no-OS-FatFS-SD-SPI-RPi-Pico/FatFs_SPI/sd_driver/spi.c.obj
                0x000000001000b120                spi_lock
 .text.spi_unlock
                0x000000001000b148       0x28 CMakeFiles/TRT_OUT.dir/lib/no-OS-FatFS-SD-SPI-RPi-Pico/FatFs_SPI/sd_driver/spi.c.obj
                0x000000001000b148                spi_unlock
 .text.my_spi_init
                0x000000001000b170      0x2b4 CMakeFiles/TRT_OUT.dir/lib/no-OS-FatFS-SD-SPI-RPi-Pico/FatFs_SPI/sd_driver/spi.c.obj
                0x000000001000b170                my_spi_init
 .text.ext_bits
                0x000000001000b424       0x30 CMakeFiles/TRT_OUT.dir/lib/no-OS-FatFS-SD-SPI-RPi-Pico/FatFs_SPI/sd_driver/sd_card.c.obj
 .text.sd_ctor  0x000000001000b454       0x30 CMakeFiles/TRT_OUT.dir/lib/no-OS-FatFS-SD-SPI-RPi-Pico/FatFs_SPI/sd_driver/sd_card.c.obj
 .text.sd_lock  0x000000001000b484       0x30 CMakeFiles/TRT_OUT.dir/lib/no-OS-FatFS-SD-SPI-RPi-Pico/FatFs_SPI/sd_driver/sd_card.c.obj
 .text.sd_acquire
                0x000000001000b4b4       0x10 CMakeFiles/TRT_OUT.dir/lib/no-OS-FatFS-SD-SPI-RPi-Pico/FatFs_SPI/sd_driver/sd_card.c.obj
 .text.sd_cmd_spi
                0x000000001000b4c4       0x74 CMakeFiles/TRT_OUT.dir/lib/no-OS-FatFS-SD-SPI-RPi-Pico/FatFs_SPI/sd_driver/sd_card.c.obj
 .text.sd_unlock
                0x000000001000b538       0x30 CMakeFiles/TRT_OUT.dir/lib/no-OS-FatFS-SD-SPI-RPi-Pico/FatFs_SPI/sd_driver/sd_card.c.obj
 .text.sd_release
                0x000000001000b568       0x10 CMakeFiles/TRT_OUT.dir/lib/no-OS-FatFS-SD-SPI-RPi-Pico/FatFs_SPI/sd_driver/sd_card.c.obj
 .text.sd_wait_token
                0x000000001000b578       0x9c CMakeFiles/TRT_OUT.dir/lib/no-OS-FatFS-SD-SPI-RPi-Pico/FatFs_SPI/sd_driver/sd_card.c.obj
 .text.sd_read_bytes
                0x000000001000b614       0x90 CMakeFiles/TRT_OUT.dir/lib/no-OS-FatFS-SD-SPI-RPi-Pico/FatFs_SPI/sd_driver/sd_card.c.obj
 .text.sd_read_block
                0x000000001000b6a4       0x8c CMakeFiles/TRT_OUT.dir/lib/no-OS-FatFS-SD-SPI-RPi-Pico/FatFs_SPI/sd_driver/sd_card.c.obj
 .text.sd_wait_ready
                0x000000001000b730       0xb8 CMakeFiles/TRT_OUT.dir/lib/no-OS-FatFS-SD-SPI-RPi-Pico/FatFs_SPI/sd_driver/sd_card.c.obj
 .text.sd_cmd   0x000000001000b7e8      0x2f0 CMakeFiles/TRT_OUT.dir/lib/no-OS-FatFS-SD-SPI-RPi-Pico/FatFs_SPI/sd_driver/sd_card.c.obj
 .text.sd_cmd8  0x000000001000bad8       0x50 CMakeFiles/TRT_OUT.dir/lib/no-OS-FatFS-SD-SPI-RPi-Pico/FatFs_SPI/sd_driver/sd_card.c.obj
 .text.sd_sectors_nolock
                0x000000001000bb28      0x148 CMakeFiles/TRT_OUT.dir/lib/no-OS-FatFS-SD-SPI-RPi-Pico/FatFs_SPI/sd_driver/sd_card.c.obj
 .text.in_sd_read_blocks
                0x000000001000bc70       0xbc CMakeFiles/TRT_OUT.dir/lib/no-OS-FatFS-SD-SPI-RPi-Pico/FatFs_SPI/sd_driver/sd_card.c.obj
 .text.sd_read_blocks
                0x000000001000bd2c       0x2e CMakeFiles/TRT_OUT.dir/lib/no-OS-FatFS-SD-SPI-RPi-Pico/FatFs_SPI/sd_driver/sd_card.c.obj
                0x000000001000bd2c                sd_read_blocks
 *fill*         0x000000001000bd5a        0x2 
 .text.sd_go_idle_state
                0x000000001000bd5c       0x44 CMakeFiles/TRT_OUT.dir/lib/no-OS-FatFS-SD-SPI-RPi-Pico/FatFs_SPI/sd_driver/sd_card.c.obj
 .text.sd_init_medium
                0x000000001000bda0      0x188 CMakeFiles/TRT_OUT.dir/lib/no-OS-FatFS-SD-SPI-RPi-Pico/FatFs_SPI/sd_driver/sd_card.c.obj
 .text.sd_write_block
                0x000000001000bf28       0x8c CMakeFiles/TRT_OUT.dir/lib/no-OS-FatFS-SD-SPI-RPi-Pico/FatFs_SPI/sd_driver/sd_card.c.obj
 .text.in_sd_write_blocks
                0x000000001000bfb4       0xf8 CMakeFiles/TRT_OUT.dir/lib/no-OS-FatFS-SD-SPI-RPi-Pico/FatFs_SPI/sd_driver/sd_card.c.obj
 .text.sd_write_blocks
                0x000000001000c0ac       0x2e CMakeFiles/TRT_OUT.dir/lib/no-OS-FatFS-SD-SPI-RPi-Pico/FatFs_SPI/sd_driver/sd_card.c.obj
                0x000000001000c0ac                sd_write_blocks
 .text.sd_test_com
                0x000000001000c0da       0x9a CMakeFiles/TRT_OUT.dir/lib/no-OS-FatFS-SD-SPI-RPi-Pico/FatFs_SPI/sd_driver/sd_card.c.obj
 .text.sd_card_detect
                0x000000001000c174       0x50 CMakeFiles/TRT_OUT.dir/lib/no-OS-FatFS-SD-SPI-RPi-Pico/FatFs_SPI/sd_driver/sd_card.c.obj
                0x000000001000c174                sd_card_detect
 .text.sd_init  0x000000001000c1c4       0xe8 CMakeFiles/TRT_OUT.dir/lib/no-OS-FatFS-SD-SPI-RPi-Pico/FatFs_SPI/sd_driver/sd_card.c.obj
 .text.sd_sectors
                0x000000001000c2ac       0x1e CMakeFiles/TRT_OUT.dir/lib/no-OS-FatFS-SD-SPI-RPi-Pico/FatFs_SPI/sd_driver/sd_card.c.obj
                0x000000001000c2ac                sd_sectors
 *fill*         0x000000001000c2ca        0x2 
 .text.sd_init_driver
                0x000000001000c2cc       0xc0 CMakeFiles/TRT_OUT.dir/lib/no-OS-FatFS-SD-SPI-RPi-Pico/FatFs_SPI/sd_driver/sd_card.c.obj
                0x000000001000c2cc                sd_init_driver
 .text.crc7     0x000000001000c38c       0x20 CMakeFiles/TRT_OUT.dir/lib/no-OS-FatFS-SD-SPI-RPi-Pico/FatFs_SPI/sd_driver/crc.c.obj
                0x000000001000c38c                crc7
 .text.crc16    0x000000001000c3ac       0x28 CMakeFiles/TRT_OUT.dir/lib/no-OS-FatFS-SD-SPI-RPi-Pico/FatFs_SPI/sd_driver/crc.c.obj
                0x000000001000c3ac                crc16
 .text.sdrc2dresult
                0x000000001000c3d4       0x60 CMakeFiles/TRT_OUT.dir/lib/no-OS-FatFS-SD-SPI-RPi-Pico/FatFs_SPI/src/glue.c.obj
 .text.disk_status
                0x000000001000c434       0x16 CMakeFiles/TRT_OUT.dir/lib/no-OS-FatFS-SD-SPI-RPi-Pico/FatFs_SPI/src/glue.c.obj
                0x000000001000c434                disk_status
 .text.disk_initialize
                0x000000001000c44a       0x2a CMakeFiles/TRT_OUT.dir/lib/no-OS-FatFS-SD-SPI-RPi-Pico/FatFs_SPI/src/glue.c.obj
                0x000000001000c44a                disk_initialize
 .text.disk_read
                0x000000001000c474       0x32 CMakeFiles/TRT_OUT.dir/lib/no-OS-FatFS-SD-SPI-RPi-Pico/FatFs_SPI/src/glue.c.obj
                0x000000001000c474                disk_read
 .text.disk_write
                0x000000001000c4a6       0x32 CMakeFiles/TRT_OUT.dir/lib/no-OS-FatFS-SD-SPI-RPi-Pico/FatFs_SPI/src/glue.c.obj
                0x000000001000c4a6                disk_write
 .text.disk_ioctl
                0x000000001000c4d8       0x4c CMakeFiles/TRT_OUT.dir/lib/no-OS-FatFS-SD-SPI-RPi-Pico/FatFs_SPI/src/glue.c.obj
                0x000000001000c4d8                disk_ioctl
 .text.my_printf
                0x000000001000c524       0x4c CMakeFiles/TRT_OUT.dir/lib/no-OS-FatFS-SD-SPI-RPi-Pico/FatFs_SPI/src/my_debug.c.obj
                0x000000001000c524                my_printf
 .text.my_assert_func
                0x000000001000c570       0x2c CMakeFiles/TRT_OUT.dir/lib/no-OS-FatFS-SD-SPI-RPi-Pico/FatFs_SPI/src/my_debug.c.obj
                0x000000001000c570                my_assert_func
 .text.get_fattime
                0x000000001000c59c       0x6c CMakeFiles/TRT_OUT.dir/lib/no-OS-FatFS-SD-SPI-RPi-Pico/FatFs_SPI/src/rtc.c.obj
                0x000000001000c59c                get_fattime
 .text.spi_set_baudrate
                0x000000001000c608       0xcc CMakeFiles/TRT_OUT.dir/home/gafar/pico/pico-sdk/src/rp2_common/hardware_spi/spi.c.obj
                0x000000001000c608                spi_set_baudrate
 .text.spi_init
                0x000000001000c6d4       0x74 CMakeFiles/TRT_OUT.dir/home/gafar/pico/pico-sdk/src/rp2_common/hardware_spi/spi.c.obj
                0x000000001000c6d4                spi_init
 .text.dma_claim_unused_channel
                0x000000001000c748       0x20 CMakeFiles/TRT_OUT.dir/home/gafar/pico/pico-sdk/src/rp2_common/hardware_dma/dma.c.obj
                0x000000001000c748                dma_claim_unused_channel
 .text.rtc_running
                0x000000001000c768       0x10 CMakeFiles/TRT_OUT.dir/home/gafar/pico/pico-sdk/src/rp2_common/hardware_rtc/rtc.c.obj
                0x000000001000c768                rtc_running
 .text.rtc_get_datetime
                0x000000001000c778       0x4c CMakeFiles/TRT_OUT.dir/home/gafar/pico/pico-sdk/src/rp2_common/hardware_rtc/rtc.c.obj
                0x000000001000c778                rtc_get_datetime
 .text          0x000000001000c7c4      0x1c0 /usr/lib/gcc/arm-none-eabi/10.3.1/../../../arm-none-eabi/lib/thumb/v6-m/nofp/libg.a(lib_a-fflush.o)
                0x000000001000c7c4                __sflush_r
                0x000000001000c904                _fflush_r
                0x000000001000c930                fflush
 .text          0x000000001000c984      0x248 /usr/lib/gcc/arm-none-eabi/10.3.1/../../../arm-none-eabi/lib/thumb/v6-m/nofp/libg.a(lib_a-findfp.o)
                0x000000001000c988                _cleanup_r
                0x000000001000ca84                __sfmoreglue
                0x000000001000cab4                __sfp
                0x000000001000cb64                _cleanup
                0x000000001000cb7c                __sinit
                0x000000001000cb8c                __sfp_lock_acquire
                0x000000001000cb90                __sfp_lock_release
                0x000000001000cb94                __sinit_lock_acquire
                0x000000001000cb98                __sinit_lock_release
                0x000000001000cb9c                __fp_lock_all
                0x000000001000cbb4                __fp_unlock_all
 .text          0x000000001000cbcc      0x260 /usr/lib/gcc/arm-none-eabi/10.3.1/../../../arm-none-eabi/lib/thumb/v6-m/nofp/libg.a(lib_a-freer.o)
                0x000000001000cbcc                _malloc_trim_r
                0x000000001000cc68                _free_r
 .text          0x000000001000ce2c       0x88 /usr/lib/gcc/arm-none-eabi/10.3.1/../../../arm-none-eabi/lib/thumb/v6-m/nofp/libg.a(lib_a-fwalk.o)
                0x000000001000ce2c                _fwalk
                0x000000001000ce6c                _fwalk_reent
 .text          0x000000001000ceb4       0x28 /usr/lib/gcc/arm-none-eabi/10.3.1/../../../arm-none-eabi/lib/thumb/v6-m/nofp/libg.a(lib_a-malloc.o)
                0x000000001000ceb4                malloc
                0x000000001000cec8                free
 .text          0x000000001000cedc      0x574 /usr/lib/gcc/arm-none-eabi/10.3.1/../../../arm-none-eabi/lib/thumb/v6-m/nofp/libg.a(lib_a-mallocr.o)
                0x000000001000cedc                _malloc_r
 .text          0x000000001000d450       0x48 /usr/lib/gcc/arm-none-eabi/10.3.1/../../../arm-none-eabi/lib/thumb/v6-m/nofp/libg.a(lib_a-memcmp.o)
                0x000000001000d450                memcmp
 .text          0x000000001000d498        0x8 /usr/lib/gcc/arm-none-eabi/10.3.1/../../../arm-none-eabi/lib/thumb/v6-m/nofp/libg.a(lib_a-mlock.o)
                0x000000001000d498                __malloc_lock
                0x000000001000d49c                __malloc_unlock
 .text          0x000000001000d4a0       0x24 /usr/lib/gcc/arm-none-eabi/10.3.1/../../../arm-none-eabi/lib/thumb/v6-m/nofp/libg.a(lib_a-sbrkr.o)
                0x000000001000d4a0                _sbrk_r
 .text          0x000000001000d4c4       0xa4 /usr/lib/gcc/arm-none-eabi/10.3.1/../../../arm-none-eabi/lib/thumb/v6-m/nofp/libg.a(lib_a-stdio.o)
                0x000000001000d4c4                __sread
                0x000000001000d4ec                __seofread
                0x000000001000d4f0                __swrite
                0x000000001000d530                __sseek
                0x000000001000d55c                __sclose
 .text          0x000000001000d568       0xc0 /usr/lib/gcc/arm-none-eabi/10.3.1/../../../arm-none-eabi/lib/thumb/v6-m/nofp/libg.a(lib_a-strchr.o)
                0x000000001000d568                strchr
 .text          0x000000001000d628       0x5c /usr/lib/gcc/arm-none-eabi/10.3.1/../../../arm-none-eabi/lib/thumb/v6-m/nofp/libg.a(lib_a-strlen-stub.o)
                0x000000001000d628                strlen
 .text          0x000000001000d684       0x28 /usr/lib/gcc/arm-none-eabi/10.3.1/../../../arm-none-eabi/lib/thumb/v6-m/nofp/libg.a(lib_a-writer.o)
                0x000000001000d684                _write_r
 .text          0x000000001000d6ac       0x24 /usr/lib/gcc/arm-none-eabi/10.3.1/../../../arm-none-eabi/lib/thumb/v6-m/nofp/libg.a(lib_a-closer.o)
                0x000000001000d6ac                _close_r
 .text          0x000000001000d6d0       0xe8 /usr/lib/gcc/arm-none-eabi/10.3.1/../../../arm-none-eabi/lib/thumb/v6-m/nofp/libg.a(lib_a-fclose.o)
                0x000000001000d740                _fclose_r
                0x000000001000d778                fclose
 .text          0x000000001000d7b8       0x28 /usr/lib/gcc/arm-none-eabi/10.3.1/../../../arm-none-eabi/lib/thumb/v6-m/nofp/libg.a(lib_a-lseekr.o)
                0x000000001000d7b8                _lseek_r
 .text          0x000000001000d7e0       0x28 /usr/lib/gcc/arm-none-eabi/10.3.1/../../../arm-none-eabi/lib/thumb/v6-m/nofp/libg.a(lib_a-readr.o)
                0x000000001000d7e0                _read_r
 *(.fini)
 .fini          0x000000001000d808        0x4 /usr/lib/gcc/arm-none-eabi/10.3.1/thumb/v6-m/nofp/crti.o
                0x000000001000d808                _fini
 *fill*         0x000000001000d80c        0x4 
 .fini.__stub   0x000000001000d810      0x130 linker stubs
 *crtbegin.o(.ctors)
 *crtbegin?.o(.ctors)
 *(EXCLUDE_FILE(*crtend.o *crtend?.o) .ctors)
 *(SORT_BY_NAME(.ctors.*))
 *(.ctors)
 *crtbegin.o(.dtors)
 *crtbegin?.o(.dtors)
 *(EXCLUDE_FILE(*crtend.o *crtend?.o) .dtors)
 *(SORT_BY_NAME(.dtors.*))
 *(.dtors)
 *(.eh_frame*)
 .eh_frame      0x000000001000d940        0x0 /usr/lib/gcc/arm-none-eabi/10.3.1/thumb/v6-m/nofp/crtbegin.o
                0x000000001000d940                . = ALIGN (0x4)

.glue_7         0x000000001000d940        0x0
 .glue_7        0x000000001000d940        0x0 linker stubs

.glue_7t        0x000000001000d940        0x0
 .glue_7t       0x000000001000d940        0x0 linker stubs

.vfp11_veneer   0x000000001000d940        0x0
 .vfp11_veneer  0x000000001000d940        0x0 linker stubs

.v4_bx          0x000000001000d940        0x0
 .v4_bx         0x000000001000d940        0x0 linker stubs

.iplt           0x000000001000d940        0x0
 .iplt          0x000000001000d940        0x0 /usr/lib/gcc/arm-none-eabi/10.3.1/thumb/v6-m/nofp/crtbegin.o

.rodata         0x000000001000d940     0x2cf8
 *(EXCLUDE_FILE(*libm.a: *libc.a:*lib_a-mem*.o *libgcc.a:) .rodata*)
 .rodata.main.str1.4
                0x000000001000d940      0x15f CMakeFiles/TRT_OUT.dir/src/main.cpp.obj
 *fill*         0x000000001000da9f        0x1 
 .rodata.sd_get_by_num.str1.4
                0x000000001000daa0       0x6b CMakeFiles/TRT_OUT.dir/src/hw_config.c.obj
 *fill*         0x000000001000db0b        0x1 
 .rodata.spi_get_by_num.str1.4
                0x000000001000db0c       0x15 CMakeFiles/TRT_OUT.dir/src/hw_config.c.obj
 .rodata.str1.4
                0x000000001000db21        0x3 CMakeFiles/TRT_OUT.dir/src/hw_config.c.obj
 *fill*         0x000000001000db21        0x3 
 .rodata.__func__.0
                0x000000001000db24        0xf CMakeFiles/TRT_OUT.dir/src/hw_config.c.obj
 *fill*         0x000000001000db33        0x1 
 .rodata.__func__.1
                0x000000001000db34        0xe CMakeFiles/TRT_OUT.dir/src/hw_config.c.obj
 *fill*         0x000000001000db42        0x2 
 .rodata.spin_lock_claim_unused.str1.4
                0x000000001000db44       0x1b CMakeFiles/TRT_OUT.dir/home/gafar/pico/pico-sdk/src/rp2_common/hardware_sync/sync.c.obj
 *fill*         0x000000001000db5f        0x1 
 .rodata.make_branch.str1.4
                0x000000001000db60       0x6c CMakeFiles/TRT_OUT.dir/home/gafar/pico/pico-sdk/src/rp2_common/hardware_irq/irq.c.obj
 .rodata.insert_branch_and_link.str1.4
                0x000000001000dbcc       0x10 CMakeFiles/TRT_OUT.dir/home/gafar/pico/pico-sdk/src/rp2_common/hardware_irq/irq.c.obj
 .rodata.irq_set_exclusive_handler.str1.4
                0x000000001000dbdc       0x36 CMakeFiles/TRT_OUT.dir/home/gafar/pico/pico-sdk/src/rp2_common/hardware_irq/irq.c.obj
 *fill*         0x000000001000dc12        0x2 
 .rodata.irq_add_shared_handler.str1.4
                0x000000001000dc14       0xd9 CMakeFiles/TRT_OUT.dir/home/gafar/pico/pico-sdk/src/rp2_common/hardware_irq/irq.c.obj
 *fill*         0x000000001000dced        0x3 
 .rodata.irq_remove_handler.str1.4
                0x000000001000dcf0       0x3a CMakeFiles/TRT_OUT.dir/home/gafar/pico/pico-sdk/src/rp2_common/hardware_irq/irq.c.obj
 *fill*         0x000000001000dd2a        0x2 
 .rodata.irq_add_tail_to_free_list.str1.4
                0x000000001000dd2c       0x3a CMakeFiles/TRT_OUT.dir/home/gafar/pico/pico-sdk/src/rp2_common/hardware_irq/irq.c.obj
 *fill*         0x000000001000dd66        0x2 
 .rodata.user_irq_claim_unused.str1.4
                0x000000001000dd68       0x1b CMakeFiles/TRT_OUT.dir/home/gafar/pico/pico-sdk/src/rp2_common/hardware_irq/irq.c.obj
 *fill*         0x000000001000dd83        0x1 
 .rodata.__func__.0
                0x000000001000dd84       0x1a CMakeFiles/TRT_OUT.dir/home/gafar/pico/pico-sdk/src/rp2_common/hardware_irq/irq.c.obj
 *fill*         0x000000001000dd9e        0x2 
 .rodata.__func__.1
                0x000000001000dda0       0x17 CMakeFiles/TRT_OUT.dir/home/gafar/pico/pico-sdk/src/rp2_common/hardware_irq/irq.c.obj
 *fill*         0x000000001000ddb7        0x1 
 .rodata.__func__.2
                0x000000001000ddb8       0x13 CMakeFiles/TRT_OUT.dir/home/gafar/pico/pico-sdk/src/rp2_common/hardware_irq/irq.c.obj
 *fill*         0x000000001000ddcb        0x1 
 .rodata.__func__.3
                0x000000001000ddcc        0xc CMakeFiles/TRT_OUT.dir/home/gafar/pico/pico-sdk/src/rp2_common/hardware_irq/irq.c.obj
 .rodata.__func__.4
                0x000000001000ddd8        0xf CMakeFiles/TRT_OUT.dir/home/gafar/pico/pico-sdk/src/rp2_common/hardware_irq/irq.c.obj
 *fill*         0x000000001000dde7        0x1 
 .rodata.__func__.5
                0x000000001000dde8       0x17 CMakeFiles/TRT_OUT.dir/home/gafar/pico/pico-sdk/src/rp2_common/hardware_irq/irq.c.obj
 *fill*         0x000000001000ddff        0x1 
 .rodata.__func__.6
                0x000000001000de00       0x1a CMakeFiles/TRT_OUT.dir/home/gafar/pico/pico-sdk/src/rp2_common/hardware_irq/irq.c.obj
 *fill*         0x000000001000de1a        0x2 
 .rodata.str1.4
                0x000000001000de1c       0xc1 CMakeFiles/TRT_OUT.dir/home/gafar/pico/pico-sdk/src/common/pico_sync/sem.c.obj
 *fill*         0x000000001000dedd        0x3 
 .rodata.__func__.0